<html>
<body>
<pre>
<h1>µVision Build Log</h1>
<h2>Tool Versions:</h2>
IDE-Version: ¦ÌVision V5.14.1
Copyright (C) 2015 ARM Ltd and ARM Germany GmbH. All rights reserved.
License Information: a movingon_2023@qq.com, a, LIC=14HV2-9G0XT-45IT5-GI6L2-HAEN3-IYDMA
 
Tool Versions:
Toolchain:       MDK-ARM Plus  Version: 5.24.1
Toolchain Path:  D:\Keil5\ARM\ARMCC\Bin
C Compiler:      Armcc.exe V5.06 update 5 (build 528)
Assembler:       Armasm.exe V5.06 update 5 (build 528)
Linker/Locator:  ArmLink.exe V5.06 update 5 (build 528)
Library Manager: ArmAr.exe V5.06 update 5 (build 528)
Hex Converter:   FromElf.exe V5.06 update 5 (build 528)
CPU DLL:         SARMCM3.DLL V5.24.1
Dialog DLL:      DCM.DLL V1.16.0.0
Target DLL:      STLink\ST-LINKIII-KEIL_SWO.dll V3.0.1.0
Dialog DLL:      TCM.DLL V1.32.0.0
 
<h2>Project:</h2>
e:\Focus\ai-chater\code\pet\pet\MDK-ARM\pet.uvprojx
Project File Date:  04/29/2025

<h2>Output:</h2>
*** Using Compiler 'V5.06 update 5 (build 528)', folder: 'D:\Keil5\ARM\ARMCC\Bin'
Build target 'pet'
compiling display_task.c...
compiling gesture_task.c...
compiling move_task.c...
compiling serial_task.c...
compiling avoid_task.c...
compiling main_task.c...
compiling bsp_ultrasonic.c...
linking...
Program Size: Code=24276 RO-data=3340 RW-data=248 ZI-data=9384  
FromELF: creating hex file...
"pet\pet.axf" - 0 Error(s), 0 Warning(s).

<h2>Software Packages used:</h2>

Package Vendor: ARM
                http://www.keil.com/pack/ARM.CMSIS.5.0.1.pack
                ARM::CMSIS:CORE:5.0.1
                CMSIS (Cortex Microcontroller Software Interface Standard)
   * Component: CORE Version: 5.0.1

<h2>Collection of Component include folders:</h2>
  e:\Focus\ai-chater\code\pet\pet\MDK-ARM\RTE
  D:\Keil5\ARM\PACK\ARM\CMSIS\5.0.1\CMSIS\Include
  D:\Keil5\ARM\PACK\Keil\STM32F1xx_DFP\2.2.0\Device\Include

<h2>Collection of Component Files used:</h2>

   * Component: ARM::CMSIS:CORE:5.0.1
</pre>
</body>
</html>
