Component: ARM Compiler 5.06 update 5 (build 528) Tool: armlink [4d35e2]

==============================================================================

Section Cross References

    startup_stm32f103xb.o(STACK) refers (Special) to heapauxi.o(.text) for __use_two_region_memory
    startup_stm32f103xb.o(HEAP) refers (Special) to heapauxi.o(.text) for __use_two_region_memory
    startup_stm32f103xb.o(RESET) refers (Special) to heapauxi.o(.text) for __use_two_region_memory
    startup_stm32f103xb.o(RESET) refers to startup_stm32f103xb.o(STACK) for __initial_sp
    startup_stm32f103xb.o(RESET) refers to startup_stm32f103xb.o(.text) for Reset_Handler
    startup_stm32f103xb.o(RESET) refers to stm32f1xx_it.o(i.NMI_Handler) for NMI_Handler
    startup_stm32f103xb.o(RESET) refers to stm32f1xx_it.o(i.HardFault_Handler) for HardFault_Handler
    startup_stm32f103xb.o(RESET) refers to stm32f1xx_it.o(i.MemManage_Handler) for MemManage_Handler
    startup_stm32f103xb.o(RESET) refers to stm32f1xx_it.o(i.BusFault_Handler) for BusFault_Handler
    startup_stm32f103xb.o(RESET) refers to stm32f1xx_it.o(i.UsageFault_Handler) for UsageFault_Handler
    startup_stm32f103xb.o(RESET) refers to port.o(.emb_text) for SVC_Handler
    startup_stm32f103xb.o(RESET) refers to stm32f1xx_it.o(i.DebugMon_Handler) for DebugMon_Handler
    startup_stm32f103xb.o(RESET) refers to cmsis_os2.o(i.SysTick_Handler) for SysTick_Handler
    startup_stm32f103xb.o(RESET) refers to stm32f1xx_it.o(i.EXTI4_IRQHandler) for EXTI4_IRQHandler
    startup_stm32f103xb.o(RESET) refers to stm32f1xx_it.o(i.TIM1_UP_IRQHandler) for TIM1_UP_IRQHandler
    startup_stm32f103xb.o(RESET) refers to stm32f1xx_it.o(i.USART1_IRQHandler) for USART1_IRQHandler
    startup_stm32f103xb.o(RESET) refers to stm32f1xx_it.o(i.EXTI15_10_IRQHandler) for EXTI15_10_IRQHandler
    startup_stm32f103xb.o(.text) refers (Special) to heapauxi.o(.text) for __use_two_region_memory
    startup_stm32f103xb.o(.text) refers to system_stm32f1xx.o(i.SystemInit) for SystemInit
    startup_stm32f103xb.o(.text) refers to __main.o(!!!main) for __main
    startup_stm32f103xb.o(.text) refers to startup_stm32f103xb.o(HEAP) for Heap_Mem
    startup_stm32f103xb.o(.text) refers to startup_stm32f103xb.o(STACK) for Stack_Mem
    main.o(i.HAL_TIM_PeriodElapsedCallback) refers to stm32f1xx_hal.o(i.HAL_IncTick) for HAL_IncTick
    main.o(i.SystemClock_Config) refers to rt_memclr_w.o(.text) for __aeabi_memclr4
    main.o(i.SystemClock_Config) refers to stm32f1xx_hal_rcc.o(i.HAL_RCC_OscConfig) for HAL_RCC_OscConfig
    main.o(i.SystemClock_Config) refers to stm32f1xx_hal_rcc.o(i.HAL_RCC_ClockConfig) for HAL_RCC_ClockConfig
    main.o(i.main) refers to stm32f1xx_hal.o(i.HAL_Init) for HAL_Init
    main.o(i.main) refers to main.o(i.SystemClock_Config) for SystemClock_Config
    main.o(i.main) refers to gpio.o(i.MX_GPIO_Init) for MX_GPIO_Init
    main.o(i.main) refers to i2c.o(i.MX_I2C1_Init) for MX_I2C1_Init
    main.o(i.main) refers to tim.o(i.MX_TIM2_Init) for MX_TIM2_Init
    main.o(i.main) refers to usart.o(i.MX_USART1_UART_Init) for MX_USART1_UART_Init
    main.o(i.main) refers to tim.o(i.MX_TIM3_Init) for MX_TIM3_Init
    main.o(i.main) refers to main_task.o(i.Main_Task_Start) for Main_Task_Start
    main.o(i.main) refers to cmsis_os2.o(i.osKernelInitialize) for osKernelInitialize
    main.o(i.main) refers to freertos.o(i.MX_FREERTOS_Init) for MX_FREERTOS_Init
    main.o(i.main) refers to cmsis_os2.o(i.osKernelStart) for osKernelStart
    gpio.o(i.MX_GPIO_Init) refers to stm32f1xx_hal_gpio.o(i.HAL_GPIO_WritePin) for HAL_GPIO_WritePin
    gpio.o(i.MX_GPIO_Init) refers to stm32f1xx_hal_gpio.o(i.HAL_GPIO_Init) for HAL_GPIO_Init
    gpio.o(i.MX_GPIO_Init) refers to stm32f1xx_hal_cortex.o(i.HAL_NVIC_SetPriority) for HAL_NVIC_SetPriority
    gpio.o(i.MX_GPIO_Init) refers to stm32f1xx_hal_cortex.o(i.HAL_NVIC_EnableIRQ) for HAL_NVIC_EnableIRQ
    freertos.o(i.MX_FREERTOS_Init) refers to cmsis_os2.o(i.osThreadNew) for osThreadNew
    freertos.o(i.MX_FREERTOS_Init) refers to freertos.o(.constdata) for .constdata
    freertos.o(i.MX_FREERTOS_Init) refers to freertos.o(i.StartDefaultTask) for StartDefaultTask
    freertos.o(i.MX_FREERTOS_Init) refers to freertos.o(.data) for .data
    freertos.o(i.StartDefaultTask) refers to cmsis_os2.o(i.osDelay) for osDelay
    freertos.o(.constdata) refers to freertos.o(.conststring) for .conststring
    i2c.o(i.HAL_I2C_MspDeInit) refers to stm32f1xx_hal_gpio.o(i.HAL_GPIO_DeInit) for HAL_GPIO_DeInit
    i2c.o(i.HAL_I2C_MspInit) refers to stm32f1xx_hal_gpio.o(i.HAL_GPIO_Init) for HAL_GPIO_Init
    i2c.o(i.MX_I2C1_Init) refers to stm32f1xx_hal_i2c.o(i.HAL_I2C_Init) for HAL_I2C_Init
    i2c.o(i.MX_I2C1_Init) refers to main.o(i.Error_Handler) for Error_Handler
    i2c.o(i.MX_I2C1_Init) refers to i2c.o(.bss) for .bss
    tim.o(i.HAL_TIM_MspPostInit) refers to stm32f1xx_hal_gpio.o(i.HAL_GPIO_Init) for HAL_GPIO_Init
    tim.o(i.MX_TIM2_Init) refers to rt_memclr_w.o(.text) for __aeabi_memclr4
[...]
    .data                                    0x20000014   Section       60  tasks.o(.data)
    uxDeletedTasksWaitingCleanUp             0x20000018   Data           4  tasks.o(.data)
    uxCurrentNumberOfTasks                   0x2000001c   Data           4  tasks.o(.data)
    xTickCount                               0x20000020   Data           4  tasks.o(.data)
    uxTopReadyPriority                       0x20000024   Data           4  tasks.o(.data)
    xSchedulerRunning                        0x20000028   Data           4  tasks.o(.data)
    xPendedTicks                             0x2000002c   Data           4  tasks.o(.data)
    xYieldPending                            0x20000030   Data           4  tasks.o(.data)
    xNumOfOverflows                          0x20000034   Data           4  tasks.o(.data)
    uxTaskNumber                             0x20000038   Data           4  tasks.o(.data)
    xNextTaskUnblockTime                     0x2000003c   Data           4  tasks.o(.data)
    xIdleTaskHandle                          0x20000040   Data           4  tasks.o(.data)
    uxSchedulerSuspended                     0x20000044   Data           4  tasks.o(.data)
    pxDelayedTaskList                        0x20000048   Data           4  tasks.o(.data)
    pxOverflowDelayedTaskList                0x2000004c   Data           4  tasks.o(.data)
    .data                                    0x20000050   Section       20  timers.o(.data)
    xTimerQueue                              0x20000050   Data           4  timers.o(.data)
    xTimerTaskHandle                         0x20000054   Data           4  timers.o(.data)
    xLastTime                                0x20000058   Data           4  timers.o(.data)
    pxCurrentTimerList                       0x2000005c   Data           4  timers.o(.data)
    pxOverflowTimerList                      0x20000060   Data           4  timers.o(.data)
    .data                                    0x20000064   Section        4  cmsis_os2.o(.data)
    KernelState                              0x20000064   Data           4  cmsis_os2.o(.data)
    .data                                    0x20000068   Section       32  heap_4.o(.data)
    pxEnd                                    0x20000068   Data           4  heap_4.o(.data)
    xFreeBytesRemaining                      0x2000006c   Data           4  heap_4.o(.data)
    xMinimumEverFreeBytesRemaining           0x20000070   Data           4  heap_4.o(.data)
    xNumberOfSuccessfulAllocations           0x20000074   Data           4  heap_4.o(.data)
    xNumberOfSuccessfulFrees                 0x20000078   Data           4  heap_4.o(.data)
    xBlockAllocatedBit                       0x2000007c   Data           4  heap_4.o(.data)
    xStart                                   0x20000080   Data           8  heap_4.o(.data)
    .data                                    0x20000088   Section       12  port.o(.data)
    ucMaxSysCallPriority                     0x20000088   Data           1  port.o(.data)
    uxCriticalNesting                        0x2000008c   Data           4  port.o(.data)
    ulMaxPRIGROUPValue                       0x20000090   Data           4  port.o(.data)
    .data                                    0x20000094   Section       12  display_task.o(.data)
    .data                                    0x200000a0   Section       12  gesture_task.o(.data)
    .data                                    0x200000ac   Section       20  move_task.o(.data)
    dir                                      0x200000ac   Data           1  move_task.o(.data)
    dir                                      0x200000ad   Data           1  move_task.o(.data)
    exe_per_movement                         0x200000b0   Data           2  move_task.o(.data)
    rand                                     0x200000b4   Data           4  move_task.o(.data)
    .data                                    0x200000c0   Section       12  serial_task.o(.data)
    .data                                    0x200000cc   Section       16  avoid_task.o(.data)
    last_move_state                          0x200000cc   Data           1  avoid_task.o(.data)
    .data                                    0x200000dc   Section        4  main_task.o(.data)
    .data                                    0x200000e0   Section        4  blink_task.o(.data)
    .data                                    0x200000e4   Section        8  bsp_gesture_sensor.o(.data)
    reg_addr                                 0x200000e4   Data           1  bsp_gesture_sensor.o(.data)
    reg_val                                  0x200000e5   Data           1  bsp_gesture_sensor.o(.data)
    .data                                    0x200000ec   Section        4  bsp_ultrasonic.o(.data)
    temp                                     0x200000ec   Data           2  bsp_ultrasonic.o(.data)
    .data                                    0x200000f0   Section        5  gesture_data.o(.data)
    .bss                                     0x200000f8   Section       84  i2c.o(.bss)
    .bss                                     0x2000014c   Section      144  tim.o(.bss)
    .bss                                     0x200001dc   Section       72  usart.o(.bss)
    .bss                                     0x20000224   Section       72  stm32f1xx_hal_timebase_tim.o(.bss)
    .bss                                     0x2000026c   Section       64  queue.o(.bss)
    .bss                                     0x200002ac   Section     1220  tasks.o(.bss)
    pxReadyTasksLists                        0x200002ac   Data        1120  tasks.o(.bss)
    xDelayedTaskList1                        0x2000070c   Data          20  tasks.o(.bss)
    xDelayedTaskList2                        0x20000720   Data          20  tasks.o(.bss)
    xPendingReadyList                        0x20000734   Data          20  tasks.o(.bss)
    xTasksWaitingTermination                 0x20000748   Data          20  tasks.o(.bss)
    xSuspendedTaskList                       0x2000075c   Data          20  tasks.o(.bss)
    .bss                                     0x20000770   Section      280  timers.o(.bss)
    xStaticTimerQueue                        0x20000770   Data          80  timers.o(.bss)
    ucStaticTimerQueueStorage                0x200007c0   Data         160  timers.o(.bss)
    xActiveTimerList1                        0x20000860   Data          20  timers.o(.bss)
    xActiveTimerList2                        0x20000874   Data          20  timers.o(.bss)
    .bss                                     0x20000888   Section     1720  cmsis_os2.o(.bss)
    Idle_TCB                                 0x20000888   Data          92  cmsis_os2.o(.bss)
    Idle_Stack                               0x200008e4   Data         512  cmsis_os2.o(.bss)
    Timer_TCB                                0x20000ae4   Data          92  cmsis_os2.o(.bss)
    Timer_Stack                              0x20000b40   Data        1024  cmsis_os2.o(.bss)
    .bss                                     0x20000f40   Section     3072  heap_4.o(.bss)
    ucHeap                                   0x20000f40   Data        3072  heap_4.o(.bss)
    .bss                                     0x20001b40   Section     1024  bsp_oled.o(.bss)
    .bss                                     0x20001f40   Section       96  libspace.o(.bss)
    HEAP                                     0x20001fa0   Section      512  startup_stm32f103xb.o(HEAP)
    Heap_Mem                                 0x20001fa0   Data         512  startup_stm32f103xb.o(HEAP)
    STACK                                    0x200021a0   Section     1024  startup_stm32f103xb.o(STACK)
    Stack_Mem                                0x200021a0   Data        1024  startup_stm32f103xb.o(STACK)
    __initial_sp                             0x200025a0   Data           0  startup_stm32f103xb.o(STACK)

    Global Symbols

    Symbol Name                              Value     Ov Type        Size  Object(Section)

    BuildAttributes$$THM_ISAv4$P$D$K$B$S$PE$A:L22UL41UL21$X:L11$S22US41US21$IEEE1$IW$USESV6$~STKCKD$USESV7$~SHL$OTIME$ROPI$IEEEX$EBA8$UX$STANDARDLIB$REQ8$PRES8$EABIv2 0x00000000   Number         0  anon$$obj.o ABSOLUTE
    __ARM_use_no_argv                        0x00000000   Number         0  main.o ABSOLUTE
    _printf_flags                            0x00000000   Number         0  printf_stubs.o ABSOLUTE
    _printf_return_value                     0x00000000   Number         0  printf_stubs.o ABSOLUTE
    _printf_sizespec                         0x00000000   Number         0  printf_stubs.o ABSOLUTE
    _printf_widthprec                        0x00000000   Number         0  printf_stubs.o ABSOLUTE
    __ARM_exceptions_init                     - Undefined Weak Reference
    __alloca_initialize                       - Undefined Weak Reference
    __arm_preinit_                            - Undefined Weak Reference
    __cpp_initialize__aeabi_                  - Undefined Weak Reference
    __cxa_finalize                            - Undefined Weak Reference
    __sigvec_lookup                           - Undefined Weak Reference
    _atexit_init                              - Undefined Weak Reference
    _call_atexit_fns                          - Undefined Weak Reference
    _clock_init                               - Undefined Weak Reference
    _fp_trap_init                             - Undefined Weak Reference
    _fp_trap_shutdown                         - Undefined Weak Reference
    _get_lc_collate                           - Undefined Weak Reference
    _get_lc_monetary                          - Undefined Weak Reference
    _get_lc_time                              - Undefined Weak Reference
    _getenv_init                              - Undefined Weak Reference
    _handle_redirection                       - Undefined Weak Reference
    _init_alloc                               - Undefined Weak Reference
    _init_user_alloc                          - Undefined Weak Reference
    _initio                                   - Undefined Weak Reference
    _printf_mbtowc                            - Undefined Weak Reference
    _printf_wc                                - Undefined Weak Reference
    _rand_init                                - Undefined Weak Reference
    _signal_finish                            - Undefined Weak Reference
    _signal_init                              - Undefined Weak Reference
    _terminate_alloc                          - Undefined Weak Reference
    _terminate_user_alloc                     - Undefined Weak Reference
    _terminateio                              - Undefined Weak Reference
    __Vectors_Size                           0x000000ec   Number         0  startup_stm32f103xb.o ABSOLUTE
    __Vectors                                0x08000000   Data           4  startup_stm32f103xb.o(RESET)
    __Vectors_End                            0x080000ec   Data           0  startup_stm32f103xb.o(RESET)
    __main                                   0x080000ed   Thumb Code     8  __main.o(!!!main)
    __scatterload                            0x080000f5   Thumb Code     0  __scatter.o(!!!scatter)
    __scatterload_rt2                        0x080000f5   Thumb Code    44  __scatter.o(!!!scatter)
    __scatterload_rt2_thumb_only             0x080000f5   Thumb Code     0  __scatter.o(!!!scatter)
    __scatterload_null                       0x08000103   Thumb Code     0  __scatter.o(!!!scatter)
    __scatterload_copy                       0x08000129   Thumb Code    26  __scatter_copy.o(!!handler_copy)
    __scatterload_zeroinit                   0x08000145   Thumb Code    28  __scatter_zi.o(!!handler_zi)
    __rt_lib_init                            0x08000161   Thumb Code     0  libinit.o(.ARM.Collect$$libinit$$00000000)
    __rt_lib_init_alloca_1                   0x08000163   Thumb Code     0  libinit2.o(.ARM.Collect$$libinit$$0000002E)
    __rt_lib_init_argv_1                     0x08000163   Thumb Code     0  libinit2.o(.ARM.Collect$$libinit$$0000002C)
    __rt_lib_init_atexit_1                   0x08000163   Thumb Code     0  libinit2.o(.ARM.Collect$$libinit$$0000001B)
    __rt_lib_init_clock_1                    0x08000163   Thumb Code     0  libinit2.o(.ARM.Collect$$libinit$$00000021)
    __rt_lib_init_cpp_1                      0x08000163   Thumb Code     0  libinit2.o(.ARM.Collect$$libinit$$00000032)
    __rt_lib_init_exceptions_1               0x08000163   Thumb Code     0  libinit2.o(.ARM.Collect$$libinit$$00000030)
    __rt_lib_init_fp_1                       0x08000163   Thumb Code     0  libinit2.o(.ARM.Collect$$libinit$$00000002)
    __rt_lib_init_fp_trap_1                  0x08000163   Thumb Code     0  libinit2.o(.ARM.Collect$$libinit$$0000001F)
    __rt_lib_init_getenv_1                   0x08000163   Thumb Code     0  libinit2.o(.ARM.Collect$$libinit$$00000023)
    __rt_lib_init_heap_1                     0x08000163   Thumb Code     0  libinit2.o(.ARM.Collect$$libinit$$0000000A)
    __rt_lib_init_lc_collate_1               0x08000163   Thumb Code     0  libinit2.o(.ARM.Collect$$libinit$$00000011)
    __rt_lib_init_lc_ctype_1                 0x08000163   Thumb Code     0  libinit2.o(.ARM.Collect$$libinit$$00000013)
    __rt_lib_init_lc_monetary_1              0x08000163   Thumb Code     0  libinit2.o(.ARM.Collect$$libinit$$00000015)
    __rt_lib_init_lc_numeric_1               0x08000163   Thumb Code     0  libinit2.o(.ARM.Collect$$libinit$$00000017)
    __rt_lib_init_lc_time_1                  0x08000163   Thumb Code     0  libinit2.o(.ARM.Collect$$libinit$$00000019)
    __rt_lib_init_preinit_1                  0x08000163   Thumb Code     0  libinit2.o(.ARM.Collect$$libinit$$00000004)
    __rt_lib_init_rand_1                     0x08000163   Thumb Code     0  libinit2.o(.ARM.Collect$$libinit$$0000000E)
    __rt_lib_init_return                     0x08000163   Thumb Code     0  libinit2.o(.ARM.Collect$$libinit$$00000033)
    __rt_lib_init_signal_1                   0x08000163   Thumb Code     0  libinit2.o(.ARM.Collect$$libinit$$0000001D)
    __rt_lib_init_stdio_1                    0x08000163   Thumb Code     0  libinit2.o(.ARM.Collect$$libinit$$00000025)
    __rt_lib_init_user_alloc_1               0x08000163   Thumb Code     0  libinit2.o(.ARM.Collect$$libinit$$0000000C)
    __rt_lib_shutdown                        0x08000165   Thumb Code     0  libshutdown.o(.ARM.Collect$$libshutdown$$00000000)
    __rt_lib_shutdown_cpp_1                  0x08000167   Thumb Code     0  libshutdown2.o(.ARM.Collect$$libshutdown$$00000002)
    __rt_lib_shutdown_fp_trap_1              0x08000167   Thumb Code     0  libshutdown2.o(.ARM.Collect$$libshutdown$$00000007)
    __rt_lib_shutdown_heap_1                 0x08000167   Thumb Code     0  libshutdown2.o(.ARM.Collect$$libshutdown$$0000000F)
    __rt_lib_shutdown_return                 0x08000167   Thumb Code     0  libshutdown2.o(.ARM.Collect$$libshutdown$$00000010)
    __rt_lib_shutdown_signal_1               0x08000167   Thumb Code     0  libshutdown2.o(.ARM.Collect$$libshutdown$$0000000A)
    __rt_lib_shutdown_stdio_1                0x08000167   Thumb Code     0  libshutdown2.o(.ARM.Collect$$libshutdown$$00000004)
    __rt_lib_shutdown_user_alloc_1           0x08000167   Thumb Code     0  libshutdown2.o(.ARM.Collect$$libshutdown$$0000000C)
    __rt_entry                               0x08000169   Thumb Code     0  __rtentry.o(.ARM.Collect$$rtentry$$00000000)
    __rt_entry_presh_1                       0x08000169   Thumb Code     0  __rtentry2.o(.ARM.Collect$$rtentry$$00000002)
    __rt_entry_sh                            0x08000169   Thumb Code     0  __rtentry4.o(.ARM.Collect$$rtentry$$00000004)
    __rt_entry_li                            0x0800016f   Thumb Code     0  __rtentry2.o(.ARM.Collect$$rtentry$$0000000A)
    __rt_entry_postsh_1                      0x0800016f   Thumb Code     0  __rtentry2.o(.ARM.Collect$$rtentry$$00000009)
    __rt_entry_main                          0x08000173   Thumb Code     0  __rtentry2.o(.ARM.Collect$$rtentry$$0000000D)
    __rt_entry_postli_1                      0x08000173   Thumb Code     0  __rtentry2.o(.ARM.Collect$$rtentry$$0000000C)
    __rt_exit                                0x0800017b   Thumb Code     0  rtexit.o(.ARM.Collect$$rtexit$$00000000)
    __rt_exit_ls                             0x0800017d   Thumb Code     0  rtexit2.o(.ARM.Collect$$rtexit$$00000003)
    __rt_exit_prels_1                        0x0800017d   Thumb Code     0  rtexit2.o(.ARM.Collect$$rtexit$$00000002)
    __rt_exit_exit                           0x08000181   Thumb Code     0  rtexit2.o(.ARM.Collect$$rtexit$$00000004)
    SVC_Handler                              0x08000189   Thumb Code    32  port.o(.emb_text)
    __asm___6_port_c_39a90d8d__prvStartFirstTask 0x080001ad   Thumb Code    28  port.o(.emb_text)
    PendSV_Handler                           0x080001cd   Thumb Code    72  port.o(.emb_text)
    vPortGetIPSR                             0x08000219   Thumb Code     6  port.o(.emb_text)
    Reset_Handler                            0x08000221   Thumb Code     8  startup_stm32f103xb.o(.text)
    ADC1_2_IRQHandler                        0x0800023b   Thumb Code     0  startup_stm32f103xb.o(.text)
    CAN1_RX1_IRQHandler                      0x0800023b   Thumb Code     0  startup_stm32f103xb.o(.text)
    CAN1_SCE_IRQHandler                      0x0800023b   Thumb Code     0  startup_stm32f103xb.o(.text)
    DMA1_Channel1_IRQHandler                 0x0800023b   Thumb Code     0  startup_stm32f103xb.o(.text)
    DMA1_Channel2_IRQHandler                 0x0800023b   Thumb Code     0  startup_stm32f103xb.o(.text)
    DMA1_Channel3_IRQHandler                 0x0800023b   Thumb Code     0  startup_stm32f103xb.o(.text)
    DMA1_Channel4_IRQHandler                 0x0800023b   Thumb Code     0  startup_stm32f103xb.o(.text)
    DMA1_Channel5_IRQHandler                 0x0800023b   Thumb Code     0  startup_stm32f103xb.o(.text)
    DMA1_Channel6_IRQHandler                 0x0800023b   Thumb Code     0  startup_stm32f103xb.o(.text)
    DMA1_Channel7_IRQHandler                 0x0800023b   Thumb Code     0  startup_stm32f103xb.o(.text)
    EXTI0_IRQHandler                         0x0800023b   Thumb Code     0  startup_stm32f103xb.o(.text)
    EXTI1_IRQHandler                         0x0800023b   Thumb Code     0  startup_stm32f103xb.o(.text)
    EXTI2_IRQHandler                         0x0800023b   Thumb Code     0  startup_stm32f103xb.o(.text)
    EXTI3_IRQHandler                         0x0800023b   Thumb Code     0  startup_stm32f103xb.o(.text)
    EXTI9_5_IRQHandler                       0x0800023b   Thumb Code     0  startup_stm32f103xb.o(.text)
    FLASH_IRQHandler                         0x0800023b   Thumb Code     0  startup_stm32f103xb.o(.text)
    I2C1_ER_IRQHandler                       0x0800023b   Thumb Code     0  startup_stm32f103xb.o(.text)
    I2C1_EV_IRQHandler                       0x0800023b   Thumb Code     0  startup_stm32f103xb.o(.text)
    I2C2_ER_IRQHandler                       0x0800023b   Thumb Code     0  startup_stm32f103xb.o(.text)
    I2C2_EV_IRQHandler                       0x0800023b   Thumb Code     0  startup_stm32f103xb.o(.text)
    PVD_IRQHandler                           0x0800023b   Thumb Code     0  startup_stm32f103xb.o(.text)
    RCC_IRQHandler                           0x0800023b   Thumb Code     0  startup_stm32f103xb.o(.text)
    RTC_Alarm_IRQHandler                     0x0800023b   Thumb Code     0  startup_stm32f103xb.o(.text)
    RTC_IRQHandler                           0x0800023b   Thumb Code     0  startup_stm32f103xb.o(.text)
    SPI1_IRQHandler                          0x0800023b   Thumb Code     0  startup_stm32f103xb.o(.text)
    SPI2_IRQHandler                          0x0800023b   Thumb Code     0  startup_stm32f103xb.o(.text)
    TAMPER_IRQHandler                        0x0800023b   Thumb Code     0  startup_stm32f103xb.o(.text)
    TIM1_BRK_IRQHandler                      0x0800023b   Thumb Code     0  startup_stm32f103xb.o(.text)
    TIM1_CC_IRQHandler                       0x0800023b   Thumb Code     0  startup_stm32f103xb.o(.text)
    TIM1_TRG_COM_IRQHandler                  0x0800023b   Thumb Code     0  startup_stm32f103xb.o(.text)
    TIM2_IRQHandler                          0x0800023b   Thumb Code     0  startup_stm32f103xb.o(.text)
    TIM3_IRQHandler                          0x0800023b   Thumb Code     0  startup_stm32f103xb.o(.text)
    TIM4_IRQHandler                          0x0800023b   Thumb Code     0  startup_stm32f103xb.o(.text)
    USART2_IRQHandler                        0x0800023b   Thumb Code     0  startup_stm32f103xb.o(.text)
    USART3_IRQHandler                        0x0800023b   Thumb Code     0  startup_stm32f103xb.o(.text)
    USBWakeUp_IRQHandler                     0x0800023b   Thumb Code     0  startup_stm32f103xb.o(.text)
    USB_HP_CAN1_TX_IRQHandler                0x0800023b   Thumb Code     0  startup_stm32f103xb.o(.text)
    USB_LP_CAN1_RX0_IRQHandler               0x0800023b   Thumb Code     0  startup_stm32f103xb.o(.text)
    WWDG_IRQHandler                          0x0800023b   Thumb Code     0  startup_stm32f103xb.o(.text)
    __user_initial_stackheap                 0x0800023d   Thumb Code     0  startup_stm32f103xb.o(.text)
    __aeabi_memcpy                           0x08000261   Thumb Code     0  rt_memcpy_v6.o(.text)
    __rt_memcpy                              0x08000261   Thumb Code   138  rt_memcpy_v6.o(.text)
    _memcpy_lastbytes                        0x080002c7   Thumb Code     0  rt_memcpy_v6.o(.text)
    __aeabi_memset                           0x080002eb   Thumb Code    16  aeabi_memset.o(.text)
    __aeabi_memclr4                          0x080002fb   Thumb Code     0  rt_memclr_w.o(.text)
    __aeabi_memclr8                          0x080002fb   Thumb Code     0  rt_memclr_w.o(.text)
    __rt_memclr_w                            0x080002fb   Thumb Code    78  rt_memclr_w.o(.text)
    _memset_w                                0x080002ff   Thumb Code     0  rt_memclr_w.o(.text)
    __use_two_region_memory                  0x08000349   Thumb Code     2  heapauxi.o(.text)
    __rt_heap_escrow$2region                 0x0800034b   Thumb Code     2  heapauxi.o(.text)
    __rt_heap_expand$2region                 0x0800034d   Thumb Code     2  heapauxi.o(.text)
    __aeabi_memcpy4                          0x0800034f   Thumb Code     0  rt_memcpy_w.o(.text)
    __aeabi_memcpy8                          0x0800034f   Thumb Code     0  rt_memcpy_w.o(.text)
    __rt_memcpy_w                            0x0800034f   Thumb Code   100  rt_memcpy_w.o(.text)
    _memcpy_lastbytes_aligned                0x08000397   Thumb Code     0  rt_memcpy_w.o(.text)
    __aeabi_memclr                           0x080003b3   Thumb Code     0  rt_memclr.o(.text)
    __rt_memclr                              0x080003b3   Thumb Code    68  rt_memclr.o(.text)
    _memset                                  0x080003b7   Thumb Code     0  rt_memclr.o(.text)
    __user_libspace                          0x080003f9   Thumb Code     8  libspace.o(.text)
    __user_perproc_libspace                  0x080003f9   Thumb Code     0  libspace.o(.text)
    __user_perthread_libspace                0x080003f9   Thumb Code     0  libspace.o(.text)
    __user_setup_stackheap                   0x08000401   Thumb Code    74  sys_stackheap_outer.o(.text)
    exit                                     0x0800044b   Thumb Code    18  exit.o(.text)
    _sys_exit                                0x0800045d   Thumb Code     8  sys_exit.o(.text)
    __I$use$semihosting                      0x08000469   Thumb Code     0  use_no_semi.o(.text)
    __use_no_semihosting_swi                 0x08000469   Thumb Code     2  use_no_semi.o(.text)
    __semihosting_library_function           0x0800046b   Thumb Code     0  indicate_semi.o(.text)
    Avoid_EXTI_Callback                      0x0800046d   Thumb Code    86  avoid_task.o(i.Avoid_EXTI_Callback)
    Avoid_Task                               0x080004d1   Thumb Code   138  avoid_task.o(i.Avoid_Task)
    Avoid_Task_Init                          0x0800056d   Thumb Code    44  avoid_task.o(i.Avoid_Task_Init)
    Avoid_Task_Start                         0x0800059d   Thumb Code    26  avoid_task.o(i.Avoid_Task_Start)
    Blink_Task                               0x080006a5   Thumb Code    16  blink_task.o(i.Blink_Task)
    Blink_Task_Start                         0x080006b5   Thumb Code    24  blink_task.o(i.Blink_Task_Start)
    BusFault_Handler                         0x080006e1   Thumb Code     2  stm32f1xx_it.o(i.BusFault_Handler)
    DebugMon_Handler                         0x080006e3   Thumb Code     2  stm32f1xx_it.o(i.DebugMon_Handler)
    Display_Task                             0x080006e5   Thumb Code    90  display_task.o(i.Display_Task)
    Display_Task_Init                        0x0800075d   Thumb Code    44  display_task.o(i.Display_Task_Init)
    Display_Task_Start                       0x0800078d   Thumb Code    24  display_task.o(i.Display_Task_Start)
    EXTI15_10_IRQHandler                     0x080007b5   Thumb Code     8  stm32f1xx_it.o(i.EXTI15_10_IRQHandler)
    EXTI4_IRQHandler                         0x080007bd   Thumb Code     6  stm32f1xx_it.o(i.EXTI4_IRQHandler)
    Error_Handler                            0x080007c3   Thumb Code     4  main.o(i.Error_Handler)
    FromGesToMove                            0x080008a5   Thumb Code    60  gesture_task.o(i.FromGesToMove)
    FromSerialToDisplay                      0x080008e5   Thumb Code    44  serial_task.o(i.FromSerialToDisplay)
    FromSerialToMove                         0x08000915   Thumb Code    54  serial_task.o(i.FromSerialToMove)
    Gesture_Detect                           0x08000951   Thumb Code    38  bsp_gesture_sensor.o(i.Gesture_Detect)
    Gesture_EXTI_Callback                    0x0800097d   Thumb Code    52  gesture_task.o(i.Gesture_EXTI_Callback)
    Gesture_Task                             0x080009b9   Thumb Code    56  gesture_task.o(i.Gesture_Task)
    Gesture_Task_Init                        0x080009f5   Thumb Code    44  gesture_task.o(i.Gesture_Task_Init)
    Gesture_Task_Start                       0x08000a25   Thumb Code    26  gesture_task.o(i.Gesture_Task_Start)
    GetMoveState                             0x08000a59   Thumb Code     6  move_task.o(i.GetMoveState)
    HAL_DMA_Abort                            0x08000a65   Thumb Code    70  stm32f1xx_hal_dma.o(i.HAL_DMA_Abort)
    HAL_DMA_Abort_IT                         0x08000aad   Thumb Code   148  stm32f1xx_hal_dma.o(i.HAL_DMA_Abort_IT)
    HAL_Delay                                0x08000b45   Thumb Code    32  stm32f1xx_hal.o(i.HAL_Delay)
    HAL_GPIO_EXTI_Callback                   0x08000b69   Thumb Code    20  interrupt_task.o(i.HAL_GPIO_EXTI_Callback)
    HAL_GPIO_EXTI_IRQHandler                 0x08000b7d   Thumb Code    18  stm32f1xx_hal_gpio.o(i.HAL_GPIO_EXTI_IRQHandler)
    HAL_GPIO_Init                            0x08000b95   Thumb Code   446  stm32f1xx_hal_gpio.o(i.HAL_GPIO_Init)
    HAL_GPIO_ReadPin                         0x08000d75   Thumb Code    10  stm32f1xx_hal_gpio.o(i.HAL_GPIO_ReadPin)
    HAL_GPIO_TogglePin                       0x08000d7f   Thumb Code    16  stm32f1xx_hal_gpio.o(i.HAL_GPIO_TogglePin)
    HAL_GPIO_WritePin                        0x08000d8f   Thumb Code    10  stm32f1xx_hal_gpio.o(i.HAL_GPIO_WritePin)
    HAL_GetTick                              0x08000d99   Thumb Code     6  stm32f1xx_hal.o(i.HAL_GetTick)
    HAL_I2C_Init                             0x08000da5   Thumb Code   376  stm32f1xx_hal_i2c.o(i.HAL_I2C_Init)
    HAL_I2C_Master_Transmit                  0x08000f2d   Thumb Code   290  stm32f1xx_hal_i2c.o(i.HAL_I2C_Master_Transmit)
    HAL_I2C_Mem_Read                         0x08001059   Thumb Code   586  stm32f1xx_hal_i2c.o(i.HAL_I2C_Mem_Read)
    HAL_I2C_Mem_Write                        0x080012b5   Thumb Code   294  stm32f1xx_hal_i2c.o(i.HAL_I2C_Mem_Write)
    HAL_I2C_MspInit                          0x080013e5   Thumb Code    96  i2c.o(i.HAL_I2C_MspInit)
    HAL_IncTick                              0x08001455   Thumb Code    12  stm32f1xx_hal.o(i.HAL_IncTick)
    HAL_Init                                 0x08001465   Thumb Code    32  stm32f1xx_hal.o(i.HAL_Init)
    HAL_InitTick                             0x08001489   Thumb Code   118  stm32f1xx_hal_timebase_tim.o(i.HAL_InitTick)
    HAL_MspInit                              0x08001515   Thumb Code    62  stm32f1xx_hal_msp.o(i.HAL_MspInit)
    HAL_NVIC_EnableIRQ                       0x0800155d   Thumb Code    26  stm32f1xx_hal_cortex.o(i.HAL_NVIC_EnableIRQ)
    HAL_NVIC_SetPriority                     0x08001579   Thumb Code    60  stm32f1xx_hal_cortex.o(i.HAL_NVIC_SetPriority)
    HAL_NVIC_SetPriorityGrouping             0x080015b9   Thumb Code    26  stm32f1xx_hal_cortex.o(i.HAL_NVIC_SetPriorityGrouping)
    HAL_RCC_ClockConfig                      0x080015dd   Thumb Code   280  stm32f1xx_hal_rcc.o(i.HAL_RCC_ClockConfig)
    HAL_RCC_GetClockConfig                   0x08001709   Thumb Code    54  stm32f1xx_hal_rcc.o(i.HAL_RCC_GetClockConfig)
    HAL_RCC_GetPCLK1Freq                     0x08001749   Thumb Code    20  stm32f1xx_hal_rcc.o(i.HAL_RCC_GetPCLK1Freq)
    HAL_RCC_GetPCLK2Freq                     0x08001769   Thumb Code    20  stm32f1xx_hal_rcc.o(i.HAL_RCC_GetPCLK2Freq)
    HAL_RCC_GetSysClockFreq                  0x08001789   Thumb Code    58  stm32f1xx_hal_rcc.o(i.HAL_RCC_GetSysClockFreq)
    HAL_RCC_OscConfig                        0x080017d5   Thumb Code   778  stm32f1xx_hal_rcc.o(i.HAL_RCC_OscConfig)
    HAL_TIMEx_BreakCallback                  0x08001af5   Thumb Code     2  stm32f1xx_hal_tim_ex.o(i.HAL_TIMEx_BreakCallback)
    HAL_TIMEx_CommutCallback                 0x08001af7   Thumb Code     2  stm32f1xx_hal_tim_ex.o(i.HAL_TIMEx_CommutCallback)
    HAL_TIMEx_MasterConfigSynchronization    0x08001af9   Thumb Code    92  stm32f1xx_hal_tim_ex.o(i.HAL_TIMEx_MasterConfigSynchronization)
    HAL_TIM_Base_Init                        0x08001b61   Thumb Code    90  stm32f1xx_hal_tim.o(i.HAL_TIM_Base_Init)
    HAL_TIM_Base_MspInit                     0x08001bbd   Thumb Code    52  tim.o(i.HAL_TIM_Base_MspInit)
    HAL_TIM_Base_Start_IT                    0x08001bf9   Thumb Code    76  stm32f1xx_hal_tim.o(i.HAL_TIM_Base_Start_IT)
    HAL_TIM_ConfigClockSource                0x08001c51   Thumb Code   220  stm32f1xx_hal_tim.o(i.HAL_TIM_ConfigClockSource)
    HAL_TIM_IC_CaptureCallback               0x08001d2d   Thumb Code     2  stm32f1xx_hal_tim.o(i.HAL_TIM_IC_CaptureCallback)
    HAL_TIM_IRQHandler                       0x08001d2f   Thumb Code   304  stm32f1xx_hal_tim.o(i.HAL_TIM_IRQHandler)
    HAL_TIM_MspPostInit                      0x08001e61   Thumb Code    62  tim.o(i.HAL_TIM_MspPostInit)
    HAL_TIM_OC_DelayElapsedCallback          0x08001ea9   Thumb Code     2  stm32f1xx_hal_tim.o(i.HAL_TIM_OC_DelayElapsedCallback)
    HAL_TIM_PWM_ConfigChannel                0x08001eab   Thumb Code   204  stm32f1xx_hal_tim.o(i.HAL_TIM_PWM_ConfigChannel)
    HAL_TIM_PWM_Init                         0x08001f77   Thumb Code    90  stm32f1xx_hal_tim.o(i.HAL_TIM_PWM_Init)
    HAL_TIM_PWM_MspInit                      0x08001fd1   Thumb Code     2  stm32f1xx_hal_tim.o(i.HAL_TIM_PWM_MspInit)
    HAL_TIM_PWM_PulseFinishedCallback        0x08001fd3   Thumb Code     2  stm32f1xx_hal_tim.o(i.HAL_TIM_PWM_PulseFinishedCallback)
    HAL_TIM_PWM_Start                        0x08001fd5   Thumb Code   144  stm32f1xx_hal_tim.o(i.HAL_TIM_PWM_Start)
    HAL_TIM_PeriodElapsedCallback            0x08002071   Thumb Code    14  main.o(i.HAL_TIM_PeriodElapsedCallback)
    HAL_TIM_TriggerCallback                  0x08002085   Thumb Code     2  stm32f1xx_hal_tim.o(i.HAL_TIM_TriggerCallback)
    HAL_UARTEx_RxEventCallback               0x08002087   Thumb Code     2  stm32f1xx_hal_uart.o(i.HAL_UARTEx_RxEventCallback)
    HAL_UART_ErrorCallback                   0x08002089   Thumb Code     2  stm32f1xx_hal_uart.o(i.HAL_UART_ErrorCallback)
    HAL_UART_IRQHandler                      0x0800208d   Thumb Code   616  stm32f1xx_hal_uart.o(i.HAL_UART_IRQHandler)
    HAL_UART_Init                            0x080022f9   Thumb Code   100  stm32f1xx_hal_uart.o(i.HAL_UART_Init)
    HAL_UART_MspInit                         0x0800235d   Thumb Code   116  usart.o(i.HAL_UART_MspInit)
    HAL_UART_Receive_IT                      0x080023dd   Thumb Code    28  stm32f1xx_hal_uart.o(i.HAL_UART_Receive_IT)
    HAL_UART_RxCpltCallback                  0x080023f9   Thumb Code    14  interrupt_task.o(i.HAL_UART_RxCpltCallback)
    HAL_UART_TxCpltCallback                  0x0800240d   Thumb Code     2  stm32f1xx_hal_uart.o(i.HAL_UART_TxCpltCallback)
    HardFault_Handler                        0x0800240f   Thumb Code     2  stm32f1xx_it.o(i.HardFault_Handler)
    LED_Toggle                               0x080028ed   Thumb Code     8  bsp_led.o(i.LED_Toggle)
    MX_FREERTOS_Init                         0x08002969   Thumb Code    18  freertos.o(i.MX_FREERTOS_Init)
    MX_GPIO_Init                             0x08002989   Thumb Code   202  gpio.o(i.MX_GPIO_Init)
    MX_I2C1_Init                             0x08002a69   Thumb Code    50  i2c.o(i.MX_I2C1_Init)
    MX_TIM2_Init                             0x08002aa9   Thumb Code   196  tim.o(i.MX_TIM2_Init)
    MX_TIM3_Init                             0x08002b71   Thumb Code    98  tim.o(i.MX_TIM3_Init)
    MX_USART1_UART_Init                      0x08002bdd   Thumb Code    48  usart.o(i.MX_USART1_UART_Init)
    Main_Task                                0x08002c15   Thumb Code    44  main_task.o(i.Main_Task)
    Main_Task_Start                          0x08002c41   Thumb Code    24  main_task.o(i.Main_Task_Start)
    MemManage_Handler                        0x08002c6d   Thumb Code     2  stm32f1xx_it.o(i.MemManage_Handler)
    Move_Task                                0x08002c71   Thumb Code   178  move_task.o(i.Move_Task)
    Move_Task_Start                          0x08002d35   Thumb Code    24  move_task.o(i.Move_Task_Start)
    NMI_Handler                              0x08002d61   Thumb Code     2  stm32f1xx_it.o(i.NMI_Handler)
    OLED_Clear                               0x08002d65   Thumb Code    34  bsp_oled.o(i.OLED_Clear)
    OLED_ClearArea                           0x08002d8d   Thumb Code    86  bsp_oled.o(i.OLED_ClearArea)
    OLED_Display                             0x08002de9   Thumb Code    24  bsp_oled.o(i.OLED_Display)
    OLED_Init                                0x08002e01   Thumb Code   152  bsp_oled.o(i.OLED_Init)
    OLED_SetCursor                           0x08002e99   Thumb Code    34  bsp_oled.o(i.OLED_SetCursor)
    OLED_ShowImage                           0x08002ebd   Thumb Code   182  bsp_oled.o(i.OLED_ShowImage)
    OLED_Update                              0x08002f79   Thumb Code    34  bsp_oled.o(i.OLED_Update)
    OLED_WriteCommand                        0x08002fa1   Thumb Code    32  bsp_oled.o(i.OLED_WriteCommand)
    OLED_WriteData                           0x08002fc5   Thumb Code    24  bsp_oled.o(i.OLED_WriteData)
    PAJ7620_Init                             0x08002fe1   Thumb Code   270  bsp_gesture_sensor.o(i.PAJ7620_Init)
    Serial_Init                              0x08003171   Thumb Code    10  bsp_serial.o(i.Serial_Init)
    Serial_RXIT_Callback                     0x08003181   Thumb Code    60  serial_task.o(i.Serial_RXIT_Callback)
    Serial_Task                              0x080031c9   Thumb Code    58  serial_task.o(i.Serial_Task)
    Serial_Task_Init                         0x08003209   Thumb Code    46  serial_task.o(i.Serial_Task_Init)
    Serial_Task_Start                        0x0800323d   Thumb Code    26  serial_task.o(i.Serial_Task_Start)
    Servo_Init                               0x08003271   Thumb Code    38  bsp_servo.o(i.Servo_Init)
    Servo_SetAngle                           0x0800329d   Thumb Code    78  bsp_servo.o(i.Servo_SetAngle)
    SetDisplayState                          0x080032fd   Thumb Code    32  display_task.o(i.SetDisplayState)
    SetMoveState                             0x08003321   Thumb Code    46  move_task.o(i.SetMoveState)
    StartDefaultTask                         0x08003355   Thumb Code     8  freertos.o(i.StartDefaultTask)
    SysTick_Handler                          0x0800335d   Thumb Code    26  cmsis_os2.o(i.SysTick_Handler)
    SystemClock_Config                       0x08003377   Thumb Code    90  main.o(i.SystemClock_Config)
    SystemInit                               0x080033d1   Thumb Code     2  system_stm32f1xx.o(i.SystemInit)
    TIM1_UP_IRQHandler                       0x080033d5   Thumb Code     6  stm32f1xx_it.o(i.TIM1_UP_IRQHandler)
    TIM_Base_SetConfig                       0x080033e1   Thumb Code   108  stm32f1xx_hal_tim.o(i.TIM_Base_SetConfig)
    TIM_CCxChannelCmd                        0x08003459   Thumb Code    26  stm32f1xx_hal_tim.o(i.TIM_CCxChannelCmd)
    TIM_ETR_SetConfig                        0x08003473   Thumb Code    20  stm32f1xx_hal_tim.o(i.TIM_ETR_SetConfig)
    TIM_OC2_SetConfig                        0x080034e9   Thumb Code    84  stm32f1xx_hal_tim.o(i.TIM_OC2_SetConfig)
    UART_Start_Receive_IT                    0x080037fd   Thumb Code    54  stm32f1xx_hal_uart.o(i.UART_Start_Receive_IT)
    USART1_IRQHandler                        0x08003835   Thumb Code     6  stm32f1xx_it.o(i.USART1_IRQHandler)
    Ultrasonic_Distance                      0x08003841   Thumb Code    12  bsp_ultrasonic.o(i.Ultrasonic_Distance)
    Ultrasonic_Init                          0x08003851   Thumb Code    20  bsp_ultrasonic.o(i.Ultrasonic_Init)
    Ultrasonic_Measure                       0x0800386d   Thumb Code    62  bsp_ultrasonic.o(i.Ultrasonic_Measure)
    Ultrasonic_Start                         0x080038b1   Thumb Code    20  bsp_ultrasonic.o(i.Ultrasonic_Start)
    Ultrasonic_Stop                          0x080038c9   Thumb Code    36  bsp_ultrasonic.o(i.Ultrasonic_Stop)
    UsageFault_Handler                       0x080038f5   Thumb Code     2  stm32f1xx_it.o(i.UsageFault_Handler)
    main                                     0x0800396d   Thumb Code    46  main.o(i.main)
    osDelay                                  0x0800399b   Thumb Code    26  cmsis_os2.o(i.osDelay)
    osKernelInitialize                       0x080039b5   Thumb Code    32  cmsis_os2.o(i.osKernelInitialize)
    osKernelStart                            0x080039d9   Thumb Code    48  cmsis_os2.o(i.osKernelStart)
    osThreadNew                              0x08003a11   Thumb Code   138  cmsis_os2.o(i.osThreadNew)
    pvPortMalloc                             0x08004231   Thumb Code   216  heap_4.o(i.pvPortMalloc)
    pvTaskIncrementMutexHeldCount            0x0800430d   Thumb Code    18  tasks.o(i.pvTaskIncrementMutexHeldCount)
    pxPortInitialiseStack                    0x08004325   Thumb Code    32  port.o(i.pxPortInitialiseStack)
    uxListRemove                             0x08004349   Thumb Code    38  list.o(i.uxListRemove)
    vApplicationGetIdleTaskMemory            0x08004371   Thumb Code    16  cmsis_os2.o(i.vApplicationGetIdleTaskMemory)
    vApplicationGetTimerTaskMemory           0x08004385   Thumb Code    18  cmsis_os2.o(i.vApplicationGetTimerTaskMemory)
    vListInitialise                          0x0800439d   Thumb Code    22  list.o(i.vListInitialise)
    vListInitialiseItem                      0x080043b3   Thumb Code     6  list.o(i.vListInitialiseItem)
    vListInsert                              0x080043b9   Thumb Code    48  list.o(i.vListInsert)
    vListInsertEnd                           0x080043e9   Thumb Code    24  list.o(i.vListInsertEnd)
    vPortEnterCritical                       0x08004401   Thumb Code    54  port.o(i.vPortEnterCritical)
    vPortExitCritical                        0x08004441   Thumb Code    34  port.o(i.vPortExitCritical)
    vPortFree                                0x08004469   Thumb Code    94  heap_4.o(i.vPortFree)
    vPortSetupTimerInterrupt                 0x080044cd   Thumb Code    32  port.o(i.vPortSetupTimerInterrupt)
    vPortValidateInterruptPriority           0x080044f1   Thumb Code    74  port.o(i.vPortValidateInterruptPriority)
    vQueueAddToRegistry                      0x08004545   Thumb Code    34  queue.o(i.vQueueAddToRegistry)
    vQueueWaitForMessageRestricted           0x0800456d   Thumb Code    68  queue.o(i.vQueueWaitForMessageRestricted)
    vTaskDelay                               0x080045b1   Thumb Code    66  tasks.o(i.vTaskDelay)
    vTaskDelete                              0x080045fd   Thumb Code   130  tasks.o(i.vTaskDelete)
    vTaskInternalSetTimeOutState             0x0800468d   Thumb Code    12  tasks.o(i.vTaskInternalSetTimeOutState)
    vTaskMissedYield                         0x0800469d   Thumb Code     8  tasks.o(i.vTaskMissedYield)
    vTaskPlaceOnEventList                    0x080046a9   Thumb Code    44  tasks.o(i.vTaskPlaceOnEventList)
    vTaskPlaceOnEventListRestricted          0x080046d9   Thumb Code    52  tasks.o(i.vTaskPlaceOnEventListRestricted)
    vTaskPriorityDisinheritAfterTimeout      0x08004711   Thumb Code   134  tasks.o(i.vTaskPriorityDisinheritAfterTimeout)
    vTaskStartScheduler                      0x080047a1   Thumb Code   118  tasks.o(i.vTaskStartScheduler)
    vTaskSuspendAll                          0x08004829   Thumb Code    10  tasks.o(i.vTaskSuspendAll)
    vTaskSwitchContext                       0x08004839   Thumb Code    90  tasks.o(i.vTaskSwitchContext)
    xPortStartScheduler                      0x0800489d   Thumb Code   154  port.o(i.xPortStartScheduler)
    xPortSysTickHandler                      0x08004945   Thumb Code    38  port.o(i.xPortSysTickHandler)
    xQueueGenericCreate                      0x08004971   Thumb Code    66  queue.o(i.xQueueGenericCreate)
    xQueueGenericCreateStatic                0x080049b3   Thumb Code   102  queue.o(i.xQueueGenericCreateStatic)
    xQueueGenericReset                       0x08004a19   Thumb Code   132  queue.o(i.xQueueGenericReset)
    xQueueGenericSend                        0x08004aa1   Thumb Code   346  queue.o(i.xQueueGenericSend)
    xQueueGenericSendFromISR                 0x08004c01   Thumb Code   190  queue.o(i.xQueueGenericSendFromISR)
    xQueueGiveFromISR                        0x08004cbf   Thumb Code   156  queue.o(i.xQueueGiveFromISR)
    xQueueReceive                            0x08004d5d   Thumb Code   308  queue.o(i.xQueueReceive)
    xQueueSemaphoreTake                      0x08004e95   Thumb Code   372  queue.o(i.xQueueSemaphoreTake)
    xTaskCheckForTimeOut                     0x0800500d   Thumb Code   112  tasks.o(i.xTaskCheckForTimeOut)
    xTaskCreate                              0x08005081   Thumb Code    90  tasks.o(i.xTaskCreate)
    xTaskCreateStatic                        0x080050db   Thumb Code    86  tasks.o(i.xTaskCreateStatic)
    xTaskGetSchedulerState                   0x08005131   Thumb Code    22  tasks.o(i.xTaskGetSchedulerState)
    xTaskGetTickCount                        0x0800514d   Thumb Code     6  tasks.o(i.xTaskGetTickCount)
    xTaskIncrementTick                       0x08005159   Thumb Code   192  tasks.o(i.xTaskIncrementTick)
    xTaskPriorityDisinherit                  0x08005221   Thumb Code   118  tasks.o(i.xTaskPriorityDisinherit)
    xTaskPriorityInherit                     0x080052a1   Thumb Code   112  tasks.o(i.xTaskPriorityInherit)
    xTaskRemoveFromEventList                 0x08005319   Thumb Code    98  tasks.o(i.xTaskRemoveFromEventList)
    xTaskResumeAll                           0x08005389   Thumb Code   182  tasks.o(i.xTaskResumeAll)
    xTimerCreateTimerTask                    0x0800544d   Thumb Code    78  timers.o(i.xTimerCreateTimerTask)
    xTimerGenericCommand                     0x080054ad   Thumb Code    98  timers.o(i.xTimerGenericCommand)
    __aeabi_dadd                             0x08005515   Thumb Code     0  daddsub_clz.o(x$fpl$dadd)
    _dadd                                    0x08005515   Thumb Code   332  daddsub_clz.o(x$fpl$dadd)
    __aeabi_d2uiz                            0x08005665   Thumb Code     0  dfixu.o(x$fpl$dfixu)
    _dfixu                                   0x08005665   Thumb Code    90  dfixu.o(x$fpl$dfixu)
    __aeabi_ui2d                             0x080056bf   Thumb Code     0  dflt_clz.o(x$fpl$dfltu)
    _dfltu                                   0x080056bf   Thumb Code    38  dflt_clz.o(x$fpl$dfltu)
    __aeabi_dmul                             0x080056e5   Thumb Code     0  dmul.o(x$fpl$dmul)
    _dmul                                    0x080056e5   Thumb Code   332  dmul.o(x$fpl$dmul)
    __fpl_dnaninf                            0x08005839   Thumb Code   156  dnaninf.o(x$fpl$dnaninf)
    __fpl_dretinf                            0x080058d5   Thumb Code    12  dretinf.o(x$fpl$dretinf)
    __aeabi_dsub                             0x080058e1   Thumb Code     0  daddsub_clz.o(x$fpl$dsub)
    _dsub                                    0x080058e1   Thumb Code   464  daddsub_clz.o(x$fpl$dsub)
    __aeabi_fadd                             0x08005ab5   Thumb Code     0  faddsub_clz.o(x$fpl$fadd)
    _fadd                                    0x08005ab5   Thumb Code   196  faddsub_clz.o(x$fpl$fadd)
    __aeabi_fdiv                             0x08005b79   Thumb Code     0  fdiv.o(x$fpl$fdiv)
    _fdiv                                    0x08005b79   Thumb Code   384  fdiv.o(x$fpl$fdiv)
    __aeabi_f2uiz                            0x08005cfd   Thumb Code     0  ffixu.o(x$fpl$ffixu)
    _ffixu                                   0x08005cfd   Thumb Code    62  ffixu.o(x$fpl$ffixu)
    __aeabi_fmul                             0x08005d3d   Thumb Code     0  fmul.o(x$fpl$fmul)
    _fmul                                    0x08005d3d   Thumb Code   258  fmul.o(x$fpl$fmul)
    __fpl_fnaninf                            0x08005e3f   Thumb Code   140  fnaninf.o(x$fpl$fnaninf)
    __fpl_fretinf                            0x08005ecb   Thumb Code    10  fretinf.o(x$fpl$fretinf)
    __aeabi_fsub                             0x08005ed5   Thumb Code     0  faddsub_clz.o(x$fpl$fsub)
    _fsub                                    0x08005ed5   Thumb Code   234  faddsub_clz.o(x$fpl$fsub)
    __I$use$fp                               0x08005fbe   Number         0  usenofp.o(x$fpl$usenofp)
    defaultTask_attributes                   0x08005fc0   Data          36  freertos.o(.constdata)
    AHBPrescTable                            0x08005ff6   Data          16  system_stm32f1xx.o(.constdata)
    APBPrescTable                            0x08006006   Data           8  system_stm32f1xx.o(.constdata)
    initial_register_array                   0x0800600e   Data         100  gesture_data.o(.constdata)
    HappyImage                               0x08006072   Data         480  oled_data.o(.constdata)
    AngryImage                               0x08006252   Data         480  oled_data.o(.constdata)
    SadImage                                 0x08006432   Data         480  oled_data.o(.constdata)
    ListeningImage                           0x08006612   Data         480  oled_data.o(.constdata)
    SpeakingImage                            0x080067f2   Data         480  oled_data.o(.constdata)
    IdleImage                                0x080069d2   Data         480  oled_data.o(.constdata)
    Region$$Table$$Base                      0x08006bc0   Number         0  anon$$obj.o(Region$$Table)
    Region$$Table$$Limit                     0x08006be0   Number         0  anon$$obj.o(Region$$Table)
    defaultTaskHandle                        0x20000000   Data           4  freertos.o(.data)
    uwTickFreq                               0x20000004   Data           1  stm32f1xx_hal.o(.data)
    uwTickPrio                               0x20000008   Data           4  stm32f1xx_hal.o(.data)
    uwTick                                   0x2000000c   Data           4  stm32f1xx_hal.o(.data)
    SystemCoreClock                          0x20000010   Data           4  system_stm32f1xx.o(.data)
    pxCurrentTCB                             0x20000014   Data           4  tasks.o(.data)
    display_state                            0x20000094   Data           1  display_task.o(.data)
    display_task_handle                      0x20000098   Data           4  display_task.o(.data)
    display_detect_handle                    0x2000009c   Data           4  display_task.o(.data)
    gesture_data                             0x200000a0   Data           2  gesture_task.o(.data)
    gesture_task_handle                      0x200000a4   Data           4  gesture_task.o(.data)
    gesture_detect_handle                    0x200000a8   Data           4  gesture_task.o(.data)
    move_state                               0x200000ae   Data           1  move_task.o(.data)
    first_run                                0x200000af   Data           1  move_task.o(.data)
    move_exe_times                           0x200000b8   Data           4  move_task.o(.data)
    move_task_handle                         0x200000bc   Data           4  move_task.o(.data)
    rx_data                                  0x200000c0   Data           1  serial_task.o(.data)
    serial_detect_handle                     0x200000c4   Data           4  serial_task.o(.data)
    serial_task_handle                       0x200000c8   Data           4  serial_task.o(.data)
    current_avoid_distance                   0x200000ce   Data           2  avoid_task.o(.data)
    last_avoid_distance                      0x200000d0   Data           2  avoid_task.o(.data)
    avoid_task_handle                        0x200000d4   Data           4  avoid_task.o(.data)
    ultrasonic_detect_handle                 0x200000d8   Data           4  avoid_task.o(.data)
    main_task_handle                         0x200000dc   Data           4  main_task.o(.data)
    blink_task_handle                        0x200000e0   Data           4  blink_task.o(.data)
    enable_cmd                               0x200000e6   Data           2  bsp_gesture_sensor.o(.data)
    interrupt_cmd                            0x200000e8   Data           2  bsp_gesture_sensor.o(.data)
    switch_bank0                             0x200000ea   Data           2  bsp_gesture_sensor.o(.data)
    distance                                 0x200000ee   Data           2  bsp_ultrasonic.o(.data)
    threshold_config_array                   0x200000f0   Data           5  gesture_data.o(.data)
    hi2c1                                    0x200000f8   Data          84  i2c.o(.bss)
    htim2                                    0x2000014c   Data          72  tim.o(.bss)
    htim3                                    0x20000194   Data          72  tim.o(.bss)
    huart1                                   0x200001dc   Data          72  usart.o(.bss)
    htim1                                    0x20000224   Data          72  stm32f1xx_hal_timebase_tim.o(.bss)
    xQueueRegistry                           0x2000026c   Data          64  queue.o(.bss)
    OLED_DisplayBuf                          0x20001b40   Data        1024  bsp_oled.o(.bss)
    __libspace_start                         0x20001f40   Data          96  libspace.o(.bss)
    __temporary_stack_top$libspace           0x20001fa0   Data           0  libspace.o(.bss)



==============================================================================

Memory Map of the image

  Image Entry point : 0x080000ed

  Load Region LR_IROM1 (Base: 0x08000000, Size: 0x00006cd8, Max: 0x00010000, ABSOLUTE)

    Execution Region ER_IROM1 (Base: 0x08000000, Size: 0x00006be0, Max: 0x00010000, ABSOLUTE)

    Base Addr    Size         Type   Attr      Idx    E Section Name        Object

    0x08000000   0x000000ec   Data   RO            3    RESET               startup_stm32f103xb.o
    0x080000ec   0x00000008   Code   RO         6012  * !!!main             c_w.l(__main.o)
    0x080000f4   0x00000034   Code   RO         6453    !!!scatter          c_w.l(__scatter.o)
    0x08000128   0x0000001a   Code   RO         6455    !!handler_copy      c_w.l(__scatter_copy.o)
    0x08000142   0x00000002   PAD
    0x08000144   0x0000001c   Code   RO         6457    !!handler_zi        c_w.l(__scatter_zi.o)
    0x08000160   0x00000002   Code   RO         6315    .ARM.Collect$$libinit$$00000000  c_w.l(libinit.o)
    0x08000162   0x00000000   Code   RO         6326    .ARM.Collect$$libinit$$00000002  c_w.l(libinit2.o)
    0x08000162   0x00000000   Code   RO         6328    .ARM.Collect$$libinit$$00000004  c_w.l(libinit2.o)
    0x08000162   0x00000000   Code   RO         6331    .ARM.Collect$$libinit$$0000000A  c_w.l(libinit2.o)
    0x08000162   0x00000000   Code   RO         6333    .ARM.Collect$$libinit$$0000000C  c_w.l(libinit2.o)
    0x08000162   0x00000000   Code   RO         6335    .ARM.Collect$$libinit$$0000000E  c_w.l(libinit2.o)
    0x08000162   0x00000000   Code   RO         6338    .ARM.Collect$$libinit$$00000011  c_w.l(libinit2.o)
    0x08000162   0x00000000   Code   RO         6340    .ARM.Collect$$libinit$$00000013  c_w.l(libinit2.o)
    0x08000162   0x00000000   Code   RO         6342    .ARM.Collect$$libinit$$00000015  c_w.l(libinit2.o)
    0x08000162   0x00000000   Code   RO         6344    .ARM.Collect$$libinit$$00000017  c_w.l(libinit2.o)
    0x08000162   0x00000000   Code   RO         6346    .ARM.Collect$$libinit$$00000019  c_w.l(libinit2.o)
    0x08000162   0x00000000   Code   RO         6348    .ARM.Collect$$libinit$$0000001B  c_w.l(libinit2.o)
    0x08000162   0x00000000   Code   RO         6350    .ARM.Collect$$libinit$$0000001D  c_w.l(libinit2.o)
    0x08000162   0x00000000   Code   RO         6352    .ARM.Collect$$libinit$$0000001F  c_w.l(libinit2.o)
    0x08000162   0x00000000   Code   RO         6354    .ARM.Collect$$libinit$$00000021  c_w.l(libinit2.o)
    0x08000162   0x00000000   Code   RO         6356    .ARM.Collect$$libinit$$00000023  c_w.l(libinit2.o)
    0x08000162   0x00000000   Code   RO         6358    .ARM.Collect$$libinit$$00000025  c_w.l(libinit2.o)
    0x08000162   0x00000000   Code   RO         6362    .ARM.Collect$$libinit$$0000002C  c_w.l(libinit2.o)
    0x08000162   0x00000000   Code   RO         6364    .ARM.Collect$$libinit$$0000002E  c_w.l(libinit2.o)
    0x08000162   0x00000000   Code   RO         6366    .ARM.Collect$$libinit$$00000030  c_w.l(libinit2.o)
    0x08000162   0x00000000   Code   RO         6368    .ARM.Collect$$libinit$$00000032  c_w.l(libinit2.o)
    0x08000162   0x00000002   Code   RO         6369    .ARM.Collect$$libinit$$00000033  c_w.l(libinit2.o)
    0x08000164   0x00000002   Code   RO         6393    .ARM.Collect$$libshutdown$$00000000  c_w.l(libshutdown.o)
    0x08000166   0x00000000   Code   RO         6406    .ARM.Collect$$libshutdown$$00000002  c_w.l(libshutdown2.o)
    0x08000166   0x00000000   Code   RO         6408    .ARM.Collect$$libshutdown$$00000004  c_w.l(libshutdown2.o)
    0x08000166   0x00000000   Code   RO         6411    .ARM.Collect$$libshutdown$$00000007  c_w.l(libshutdown2.o)
    0x08000166   0x00000000   Code   RO         6414    .ARM.Collect$$libshutdown$$0000000A  c_w.l(libshutdown2.o)
    0x08000166   0x00000000   Code   RO         6416    .ARM.Collect$$libshutdown$$0000000C  c_w.l(libshutdown2.o)
    0x08000166   0x00000000   Code   RO         6419    .ARM.Collect$$libshutdown$$0000000F  c_w.l(libshutdown2.o)
    0x08000166   0x00000002   Code   RO         6420    .ARM.Collect$$libshutdown$$00000010  c_w.l(libshutdown2.o)
    0x08000168   0x00000000   Code   RO         6078    .ARM.Collect$$rtentry$$00000000  c_w.l(__rtentry.o)
    0x08000168   0x00000000   Code   RO         6223    .ARM.Collect$$rtentry$$00000002  c_w.l(__rtentry2.o)
    0x08000168   0x00000006   Code   RO         6235    .ARM.Collect$$rtentry$$00000004  c_w.l(__rtentry4.o)
    0x0800016e   0x00000000   Code   RO         6225    .ARM.Collect$$rtentry$$00000009  c_w.l(__rtentry2.o)
    0x0800016e   0x00000004   Code   RO         6226    .ARM.Collect$$rtentry$$0000000A  c_w.l(__rtentry2.o)
    0x08000172   0x00000000   Code   RO         6228    .ARM.Collect$$rtentry$$0000000C  c_w.l(__rtentry2.o)
    0x08000172   0x00000008   Code   RO         6229    .ARM.Collect$$rtentry$$0000000D  c_w.l(__rtentry2.o)
    0x0800017a   0x00000002   Code   RO         6320    .ARM.Collect$$rtexit$$00000000  c_w.l(rtexit.o)
    0x0800017c   0x00000000   Code   RO         6373    .ARM.Collect$$rtexit$$00000002  c_w.l(rtexit2.o)
    0x0800017c   0x00000004   Code   RO         6374    .ARM.Collect$$rtexit$$00000003  c_w.l(rtexit2.o)
    0x08000180   0x00000006   Code   RO         6375    .ARM.Collect$$rtexit$$00000004  c_w.l(rtexit2.o)
    0x08000186   0x00000002   PAD
    0x08000188   0x00000096   Code   RO         5049    .emb_text           port.o
    0x0800021e   0x00000002   PAD
    0x08000220   0x00000040   Code   RO            4    .text               startup_stm32f103xb.o
    0x08000260   0x0000008a   Code   RO         6000    .text               c_w.l(rt_memcpy_v6.o)
    0x080002ea   0x00000010   Code   RO         6004    .text               c_w.l(aeabi_memset.o)
    0x080002fa   0x0000004e   Code   RO         6006    .text               c_w.l(rt_memclr_w.o)
    0x08000348   0x00000006   Code   RO         6010    .text               c_w.l(heapauxi.o)
    0x0800034e   0x00000064   Code   RO         6172    .text               c_w.l(rt_memcpy_w.o)
    0x080003b2   0x00000044   Code   RO         6174    .text               c_w.l(rt_memclr.o)
    0x080003f6   0x00000002   PAD
    0x080003f8   0x00000008   Code   RO         6266    .text               c_w.l(libspace.o)
    0x08000400   0x0000004a   Code   RO         6269    .text               c_w.l(sys_stackheap_outer.o)
    0x0800044a   0x00000012   Code   RO         6308    .text               c_w.l(exit.o)
    0x0800045c   0x0000000c   Code   RO         6385    .text               c_w.l(sys_exit.o)
    0x08000468   0x00000002   Code   RO         6396    .text               c_w.l(use_no_semi.o)
    0x0800046a   0x00000000   Code   RO         6398    .text               c_w.l(indicate_semi.o)
    0x0800046a   0x00000002   PAD
    0x0800046c   0x00000064   Code   RO         5390    i.Avoid_EXTI_Callback  avoid_task.o
    0x080004d0   0x0000009c   Code   RO         5392    i.Avoid_Task        avoid_task.o
    0x0800056c   0x00000030   Code   RO         5393    i.Avoid_Task_Init   avoid_task.o
    0x0800059c   0x0000002c   Code   RO         5394    i.Avoid_Task_Start  avoid_task.o
    0x080005c8   0x000000dc   Code   RO         5254    i.Backward          move_task.o
    0x080006a4   0x00000010   Code   RO         5502    i.Blink_Task        blink_task.o
    0x080006b4   0x0000002c   Code   RO         5503    i.Blink_Task_Start  blink_task.o
    0x080006e0   0x00000002   Code   RO          402    i.BusFault_Handler  stm32f1xx_it.o
    0x080006e2   0x00000002   Code   RO          403    i.DebugMon_Handler  stm32f1xx_it.o
    0x080006e4   0x00000078   Code   RO         5129    i.Display_Task      display_task.o
    0x0800075c   0x00000030   Code   RO         5130    i.Display_Task_Init  display_task.o
    0x0800078c   0x00000028   Code   RO         5131    i.Display_Task_Start  display_task.o
    0x080007b4   0x00000008   Code   RO          404    i.EXTI15_10_IRQHandler  stm32f1xx_it.o
    0x080007bc   0x00000006   Code   RO          405    i.EXTI4_IRQHandler  stm32f1xx_it.o
    0x080007c2   0x00000004   Code   RO           13    i.Error_Handler     main.o
    0x080007c6   0x00000002   PAD
    0x080007c8   0x000000dc   Code   RO         5255    i.Forward           move_task.o
    0x080008a4   0x00000040   Code   RO         5196    i.FromGesToMove     gesture_task.o
    0x080008e4   0x00000030   Code   RO         5327    i.FromSerialToDisplay  serial_task.o
    0x08000914   0x0000003c   Code   RO         5328    i.FromSerialToMove  serial_task.o
    0x08000950   0x0000002c   Code   RO         5538    i.Gesture_Detect    bsp_gesture_sensor.o
    0x0800097c   0x0000003c   Code   RO         5197    i.Gesture_EXTI_Callback  gesture_task.o
    0x080009b8   0x0000003c   Code   RO         5198    i.Gesture_Task      gesture_task.o
    0x080009f4   0x00000030   Code   RO         5199    i.Gesture_Task_Init  gesture_task.o
    0x08000a24   0x00000034   Code   RO         5200    i.Gesture_Task_Start  gesture_task.o
    0x08000a58   0x0000000c   Code   RO         5256    i.GetMoveState      move_task.o
    0x08000a64   0x00000046   Code   RO         1937    i.HAL_DMA_Abort     stm32f1xx_hal_dma.o
    0x08000aaa   0x00000002   PAD
    0x08000aac   0x00000098   Code   RO         1938    i.HAL_DMA_Abort_IT  stm32f1xx_hal_dma.o
    0x08000b44   0x00000024   Code   RO         1563    i.HAL_Delay         stm32f1xx_hal.o
    0x08000b68   0x00000014   Code   RO         5448    i.HAL_GPIO_EXTI_Callback  interrupt_task.o
    0x08000b7c   0x00000018   Code   RO         1872    i.HAL_GPIO_EXTI_IRQHandler  stm32f1xx_hal_gpio.o
    0x08000b94   0x000001e0   Code   RO         1873    i.HAL_GPIO_Init     stm32f1xx_hal_gpio.o
    0x08000d74   0x0000000a   Code   RO         1875    i.HAL_GPIO_ReadPin  stm32f1xx_hal_gpio.o
    0x08000d7e   0x00000010   Code   RO         1876    i.HAL_GPIO_TogglePin  stm32f1xx_hal_gpio.o
    0x08000d8e   0x0000000a   Code   RO         1877    i.HAL_GPIO_WritePin  stm32f1xx_hal_gpio.o
    0x08000d98   0x0000000c   Code   RO         1567    i.HAL_GetTick       stm32f1xx_hal.o
    0x08000da4   0x00000188   Code   RO         2544    i.HAL_I2C_Init      stm32f1xx_hal_i2c.o
    0x08000f2c   0x0000012c   Code   RO         2557    i.HAL_I2C_Master_Transmit  stm32f1xx_hal_i2c.o
    0x08001058   0x0000025c   Code   RO         2562    i.HAL_I2C_Mem_Read  stm32f1xx_hal_i2c.o
    0x080012b4   0x00000130   Code   RO         2565    i.HAL_I2C_Mem_Write  stm32f1xx_hal_i2c.o
    0x080013e4   0x00000070   Code   RO          265    i.HAL_I2C_MspInit   i2c.o
    0x08001454   0x00000010   Code   RO         1573    i.HAL_IncTick       stm32f1xx_hal.o
    0x08001464   0x00000024   Code   RO         1574    i.HAL_Init          stm32f1xx_hal.o
    0x08001488   0x0000008c   Code   RO          508    i.HAL_InitTick      stm32f1xx_hal_timebase_tim.o
    0x08001514   0x00000048   Code   RO          484    i.HAL_MspInit       stm32f1xx_hal_msp.o
    0x0800155c   0x0000001a   Code   RO         2033    i.HAL_NVIC_EnableIRQ  stm32f1xx_hal_cortex.o
    0x08001576   0x00000002   PAD
    0x08001578   0x00000040   Code   RO         2039    i.HAL_NVIC_SetPriority  stm32f1xx_hal_cortex.o
    0x080015b8   0x00000024   Code   RO         2040    i.HAL_NVIC_SetPriorityGrouping  stm32f1xx_hal_cortex.o
    0x080015dc   0x0000012c   Code   RO         1731    i.HAL_RCC_ClockConfig  stm32f1xx_hal_rcc.o
    0x08001708   0x00000040   Code   RO         1735    i.HAL_RCC_GetClockConfig  stm32f1xx_hal_rcc.o
    0x08001748   0x00000020   Code   RO         1738    i.HAL_RCC_GetPCLK1Freq  stm32f1xx_hal_rcc.o
    0x08001768   0x00000020   Code   RO         1739    i.HAL_RCC_GetPCLK2Freq  stm32f1xx_hal_rcc.o
    0x08001788   0x0000004c   Code   RO         1740    i.HAL_RCC_GetSysClockFreq  stm32f1xx_hal_rcc.o
    0x080017d4   0x00000320   Code   RO         1743    i.HAL_RCC_OscConfig  stm32f1xx_hal_rcc.o
    0x08001af4   0x00000002   Code   RO         1289    i.HAL_TIMEx_BreakCallback  stm32f1xx_hal_tim_ex.o
    0x08001af6   0x00000002   Code   RO         1290    i.HAL_TIMEx_CommutCallback  stm32f1xx_hal_tim_ex.o
    0x08001af8   0x00000068   Code   RO         1308    i.HAL_TIMEx_MasterConfigSynchronization  stm32f1xx_hal_tim_ex.o
    0x08001b60   0x0000005a   Code   RO          585    i.HAL_TIM_Base_Init  stm32f1xx_hal_tim.o
    0x08001bba   0x00000002   PAD
    0x08001bbc   0x0000003c   Code   RO          307    i.HAL_TIM_Base_MspInit  tim.o
    0x08001bf8   0x00000058   Code   RO          590    i.HAL_TIM_Base_Start_IT  stm32f1xx_hal_tim.o
    0x08001c50   0x000000dc   Code   RO          594    i.HAL_TIM_ConfigClockSource  stm32f1xx_hal_tim.o
    0x08001d2c   0x00000002   Code   RO          619    i.HAL_TIM_IC_CaptureCallback  stm32f1xx_hal_tim.o
    0x08001d2e   0x00000130   Code   RO          633    i.HAL_TIM_IRQHandler  stm32f1xx_hal_tim.o
    0x08001e5e   0x00000002   PAD
    0x08001e60   0x00000048   Code   RO          308    i.HAL_TIM_MspPostInit  tim.o
    0x08001ea8   0x00000002   Code   RO          636    i.HAL_TIM_OC_DelayElapsedCallback  stm32f1xx_hal_tim.o
    0x08001eaa   0x000000cc   Code   RO          657    i.HAL_TIM_PWM_ConfigChannel  stm32f1xx_hal_tim.o
    0x08001f76   0x0000005a   Code   RO          660    i.HAL_TIM_PWM_Init  stm32f1xx_hal_tim.o
    0x08001fd0   0x00000002   Code   RO          662    i.HAL_TIM_PWM_MspInit  stm32f1xx_hal_tim.o
    0x08001fd2   0x00000002   Code   RO          663    i.HAL_TIM_PWM_PulseFinishedCallback  stm32f1xx_hal_tim.o
    0x08001fd4   0x0000009c   Code   RO          665    i.HAL_TIM_PWM_Start  stm32f1xx_hal_tim.o
    0x08002070   0x00000014   Code   RO           14    i.HAL_TIM_PeriodElapsedCallback  main.o
    0x08002084   0x00000002   Code   RO          676    i.HAL_TIM_TriggerCallback  stm32f1xx_hal_tim.o
    0x08002086   0x00000002   Code   RO         2982    i.HAL_UARTEx_RxEventCallback  stm32f1xx_hal_uart.o
    0x08002088   0x00000002   Code   RO         2996    i.HAL_UART_ErrorCallback  stm32f1xx_hal_uart.o
    0x0800208a   0x00000002   PAD
    0x0800208c   0x0000026c   Code   RO         2999    i.HAL_UART_IRQHandler  stm32f1xx_hal_uart.o
    0x080022f8   0x00000064   Code   RO         3000    i.HAL_UART_Init     stm32f1xx_hal_uart.o
    0x0800235c   0x00000080   Code   RO          361    i.HAL_UART_MspInit  usart.o
    0x080023dc   0x0000001c   Code   RO         3005    i.HAL_UART_Receive_IT  stm32f1xx_hal_uart.o
    0x080023f8   0x00000014   Code   RO         5449    i.HAL_UART_RxCpltCallback  interrupt_task.o
    0x0800240c   0x00000002   Code   RO         3011    i.HAL_UART_TxCpltCallback  stm32f1xx_hal_uart.o
    0x0800240e   0x00000002   Code   RO          406    i.HardFault_Handler  stm32f1xx_it.o
    0x08002410   0x0000002e   Code   RO         2587    i.I2C_IsAcknowledgeFailed  stm32f1xx_hal_i2c.o
    0x0800243e   0x00000002   PAD
    0x08002440   0x0000009c   Code   RO         2591    i.I2C_MasterRequestWrite  stm32f1xx_hal_i2c.o
    0x080024dc   0x000000fc   Code   RO         2597    i.I2C_RequestMemoryRead  stm32f1xx_hal_i2c.o
    0x080025d8   0x000000a8   Code   RO         2598    i.I2C_RequestMemoryWrite  stm32f1xx_hal_i2c.o
    0x08002680   0x00000056   Code   RO         2602    i.I2C_WaitOnBTFFlagUntilTimeout  stm32f1xx_hal_i2c.o
    0x080026d6   0x00000002   PAD
    0x080026d8   0x00000090   Code   RO         2603    i.I2C_WaitOnFlagUntilTimeout  stm32f1xx_hal_i2c.o
    0x08002768   0x000000bc   Code   RO         2604    i.I2C_WaitOnMasterAddressFlagUntilTimeout  stm32f1xx_hal_i2c.o
    0x08002824   0x00000070   Code   RO         2605    i.I2C_WaitOnRXNEFlagUntilTimeout  stm32f1xx_hal_i2c.o
    0x08002894   0x00000056   Code   RO         2606    i.I2C_WaitOnTXEFlagUntilTimeout  stm32f1xx_hal_i2c.o
    0x080028ea   0x00000002   PAD
    0x080028ec   0x0000000c   Code   RO         5930    i.LED_Toggle        bsp_led.o
    0x080028f8   0x00000070   Code   RO         5257    i.Left              move_task.o
    0x08002968   0x00000020   Code   RO          221    i.MX_FREERTOS_Init  freertos.o
    0x08002988   0x000000e0   Code   RO          197    i.MX_GPIO_Init      gpio.o
    0x08002a68   0x00000040   Code   RO          266    i.MX_I2C1_Init      i2c.o
    0x08002aa8   0x000000c8   Code   RO          309    i.MX_TIM2_Init      tim.o
    0x08002b70   0x0000006c   Code   RO          310    i.MX_TIM3_Init      tim.o
    0x08002bdc   0x00000038   Code   RO          362    i.MX_USART1_UART_Init  usart.o
    0x08002c14   0x0000002c   Code   RO         5475    i.Main_Task         main_task.o
    0x08002c40   0x0000002c   Code   RO         5476    i.Main_Task_Start   main_task.o
    0x08002c6c   0x00000002   Code   RO          407    i.MemManage_Handler  stm32f1xx_it.o
    0x08002c6e   0x00000002   PAD
    0x08002c70   0x000000c4   Code   RO         5258    i.Move_Task         move_task.o
    0x08002d34   0x0000002c   Code   RO         5259    i.Move_Task_Start   move_task.o
    0x08002d60   0x00000002   Code   RO          408    i.NMI_Handler       stm32f1xx_it.o
    0x08002d62   0x00000002   PAD
    0x08002d64   0x00000028   Code   RO         5578    i.OLED_Clear        bsp_oled.o
    0x08002d8c   0x0000005c   Code   RO         5579    i.OLED_ClearArea    bsp_oled.o
    0x08002de8   0x00000018   Code   RO         5580    i.OLED_Display      bsp_oled.o
    0x08002e00   0x00000098   Code   RO         5589    i.OLED_Init         bsp_oled.o
    0x08002e98   0x00000022   Code   RO         5595    i.OLED_SetCursor    bsp_oled.o
    0x08002eba   0x00000002   PAD
    0x08002ebc   0x000000bc   Code   RO         5601    i.OLED_ShowImage    bsp_oled.o
    0x08002f78   0x00000028   Code   RO         5605    i.OLED_Update       bsp_oled.o
    0x08002fa0   0x00000024   Code   RO         5607    i.OLED_WriteCommand  bsp_oled.o
    0x08002fc4   0x0000001c   Code   RO         5608    i.OLED_WriteData    bsp_oled.o
    0x08002fe0   0x00000120   Code   RO         5539    i.PAJ7620_Init      bsp_gesture_sensor.o
    0x08003100   0x00000070   Code   RO         5260    i.Right             move_task.o
    0x08003170   0x00000010   Code   RO         5796    i.Serial_Init       bsp_serial.o
    0x08003180   0x00000048   Code   RO         5329    i.Serial_RXIT_Callback  serial_task.o
    0x080031c8   0x00000040   Code   RO         5330    i.Serial_Task       serial_task.o
    0x08003208   0x00000034   Code   RO         5331    i.Serial_Task_Init  serial_task.o
    0x0800323c   0x00000034   Code   RO         5332    i.Serial_Task_Start  serial_task.o
    0x08003270   0x0000002c   Code   RO         5836    i.Servo_Init        bsp_servo.o
    0x0800329c   0x00000060   Code   RO         5837    i.Servo_SetAngle    bsp_servo.o
    0x080032fc   0x00000024   Code   RO         5133    i.SetDisplayState   display_task.o
    0x08003320   0x00000034   Code   RO         5261    i.SetMoveState      move_task.o
    0x08003354   0x00000008   Code   RO          222    i.StartDefaultTask  freertos.o
    0x0800335c   0x0000001a   Code   RO         4481    i.SysTick_Handler   cmsis_os2.o
    0x08003376   0x0000005a   Code   RO           15    i.SystemClock_Config  main.o
    0x080033d0   0x00000002   Code   RO         3334    i.SystemInit        system_stm32f1xx.o
    0x080033d2   0x00000002   PAD
    0x080033d4   0x0000000c   Code   RO          409    i.TIM1_UP_IRQHandler  stm32f1xx_it.o
    0x080033e0   0x00000078   Code   RO          678    i.TIM_Base_SetConfig  stm32f1xx_hal_tim.o
    0x08003458   0x0000001a   Code   RO          679    i.TIM_CCxChannelCmd  stm32f1xx_hal_tim.o
    0x08003472   0x00000014   Code   RO          689    i.TIM_ETR_SetConfig  stm32f1xx_hal_tim.o
    0x08003486   0x00000010   Code   RO          690    i.TIM_ITRx_SetConfig  stm32f1xx_hal_tim.o
    0x08003496   0x00000002   PAD
    0x08003498   0x00000050   Code   RO          691    i.TIM_OC1_SetConfig  stm32f1xx_hal_tim.o
    0x080034e8   0x00000058   Code   RO          692    i.TIM_OC2_SetConfig  stm32f1xx_hal_tim.o
    0x08003540   0x00000058   Code   RO          693    i.TIM_OC3_SetConfig  stm32f1xx_hal_tim.o
    0x08003598   0x00000044   Code   RO          694    i.TIM_OC4_SetConfig  stm32f1xx_hal_tim.o
    0x080035dc   0x00000022   Code   RO          696    i.TIM_TI1_ConfigInputStage  stm32f1xx_hal_tim.o
    0x080035fe   0x00000024   Code   RO          698    i.TIM_TI2_ConfigInputStage  stm32f1xx_hal_tim.o
    0x08003622   0x00000010   Code   RO         3013    i.UART_DMAAbortOnError  stm32f1xx_hal_uart.o
    0x08003632   0x0000004e   Code   RO         3023    i.UART_EndRxTransfer  stm32f1xx_hal_uart.o
    0x08003680   0x000000c2   Code   RO         3025    i.UART_Receive_IT   stm32f1xx_hal_uart.o
    0x08003742   0x00000002   PAD
    0x08003744   0x000000b8   Code   RO         3026    i.UART_SetConfig    stm32f1xx_hal_uart.o
    0x080037fc   0x00000036   Code   RO         3028    i.UART_Start_Receive_IT  stm32f1xx_hal_uart.o
    0x08003832   0x00000002   PAD
    0x08003834   0x0000000c   Code   RO          410    i.USART1_IRQHandler  stm32f1xx_it.o
    0x08003840   0x00000010   Code   RO         5866    i.Ultrasonic_Distance  bsp_ultrasonic.o
    0x08003850   0x0000001c   Code   RO         5867    i.Ultrasonic_Init   bsp_ultrasonic.o
    0x0800386c   0x00000044   Code   RO         5868    i.Ultrasonic_Measure  bsp_ultrasonic.o
    0x080038b0   0x00000018   Code   RO         5869    i.Ultrasonic_Start  bsp_ultrasonic.o
    0x080038c8   0x0000002c   Code   RO         5870    i.Ultrasonic_Stop   bsp_ultrasonic.o
    0x080038f4   0x00000002   Code   RO          411    i.UsageFault_Handler  stm32f1xx_it.o
    0x080038f6   0x00000002   PAD
    0x080038f8   0x00000054   Code   RO         5262    i.Wander            move_task.o
    0x0800394c   0x00000020   Code   RO         2046    i.__NVIC_SetPriority  stm32f1xx_hal_cortex.o
    0x0800396c   0x0000002e   Code   RO           16    i.main              main.o
    0x0800399a   0x0000001a   Code   RO         4483    i.osDelay           cmsis_os2.o
    0x080039b4   0x00000024   Code   RO         4497    i.osKernelInitialize  cmsis_os2.o
    0x080039d8   0x00000038   Code   RO         4500    i.osKernelStart     cmsis_os2.o
    0x08003a10   0x0000008a   Code   RO         4542    i.osThreadNew       cmsis_os2.o
    0x08003a9a   0x00000002   PAD
    0x08003a9c   0x0000005c   Code   RO         3942    i.prvAddCurrentTaskToDelayedList  tasks.o
    0x08003af8   0x000000d0   Code   RO         3943    i.prvAddNewTaskToReadyList  tasks.o
    0x08003bc8   0x00000058   Code   RO         4307    i.prvCheckForValidListAndQueue  timers.o
    0x08003c20   0x00000026   Code   RO         3539    i.prvCopyDataFromQueue  queue.o
    0x08003c46   0x0000006c   Code   RO         3540    i.prvCopyDataToQueue  queue.o
    0x08003cb2   0x00000034   Code   RO         3944    i.prvDeleteTCB      tasks.o
    0x08003ce6   0x00000002   PAD
    0x08003ce8   0x0000004c   Code   RO         4994    i.prvHeapInit       heap_4.o
    0x08003d34   0x00000060   Code   RO         3945    i.prvIdleTask       tasks.o
    0x08003d94   0x00000022   Code   RO         3542    i.prvInitialiseNewQueue  queue.o
    0x08003db6   0x00000002   PAD
    0x08003db8   0x000000b0   Code   RO         3946    i.prvInitialiseNewTask  tasks.o
    0x08003e68   0x0000004c   Code   RO         4995    i.prvInsertBlockIntoFreeList  heap_4.o
    0x08003eb4   0x00000038   Code   RO         4309    i.prvInsertTimerInActiveList  timers.o
    0x08003eec   0x0000001c   Code   RO         3543    i.prvIsQueueEmpty   queue.o
    0x08003f08   0x000000fc   Code   RO         4310    i.prvProcessReceivedCommands  timers.o
    0x08004004   0x000000c0   Code   RO         4311    i.prvProcessTimerOrBlockTask  timers.o
    0x080040c4   0x00000020   Code   RO         3948    i.prvResetNextTaskUnblockTime  tasks.o
    0x080040e4   0x00000028   Code   RO         4312    i.prvSampleTimeNow  timers.o
    0x0800410c   0x0000006c   Code   RO         4313    i.prvSwitchTimerLists  timers.o
    0x08004178   0x00000028   Code   RO         5050    i.prvTaskExitError  port.o
    0x080041a0   0x00000024   Code   RO         4314    i.prvTimerTask      timers.o
    0x080041c4   0x0000006a   Code   RO         3544    i.prvUnlockQueue    queue.o
    0x0800422e   0x00000002   PAD
    0x08004230   0x000000dc   Code   RO         4996    i.pvPortMalloc      heap_4.o
    0x0800430c   0x00000018   Code   RO         3951    i.pvTaskIncrementMutexHeldCount  tasks.o
    0x08004324   0x00000024   Code   RO         5051    i.pxPortInitialiseStack  port.o
    0x08004348   0x00000026   Code   RO         3499    i.uxListRemove      list.o
    0x0800436e   0x00000002   PAD
    0x08004370   0x00000014   Code   RO         4554    i.vApplicationGetIdleTaskMemory  cmsis_os2.o
    0x08004384   0x00000018   Code   RO         4555    i.vApplicationGetTimerTaskMemory  cmsis_os2.o
    0x0800439c   0x00000016   Code   RO         3500    i.vListInitialise   list.o
    0x080043b2   0x00000006   Code   RO         3501    i.vListInitialiseItem  list.o
    0x080043b8   0x00000030   Code   RO         3502    i.vListInsert       list.o
    0x080043e8   0x00000018   Code   RO         3503    i.vListInsertEnd    list.o
    0x08004400   0x00000040   Code   RO         5053    i.vPortEnterCritical  port.o
    0x08004440   0x00000028   Code   RO         5054    i.vPortExitCritical  port.o
    0x08004468   0x00000064   Code   RO         4997    i.vPortFree         heap_4.o
    0x080044cc   0x00000024   Code   RO         5055    i.vPortSetupTimerInterrupt  port.o
    0x080044f0   0x00000054   Code   RO         5056    i.vPortValidateInterruptPriority  port.o
    0x08004544   0x00000028   Code   RO         3550    i.vQueueAddToRegistry  queue.o
    0x0800456c   0x00000044   Code   RO         3554    i.vQueueWaitForMessageRestricted  queue.o
    0x080045b0   0x0000004c   Code   RO         3961    i.vTaskDelay        tasks.o
    0x080045fc   0x00000090   Code   RO         3963    i.vTaskDelete       tasks.o
    0x0800468c   0x00000010   Code   RO         3966    i.vTaskInternalSetTimeOutState  tasks.o
    0x0800469c   0x0000000c   Code   RO         3967    i.vTaskMissedYield  tasks.o
    0x080046a8   0x00000030   Code   RO         3969    i.vTaskPlaceOnEventList  tasks.o
    0x080046d8   0x00000038   Code   RO         3970    i.vTaskPlaceOnEventListRestricted  tasks.o
    0x08004710   0x00000090   Code   RO         3972    i.vTaskPriorityDisinheritAfterTimeout  tasks.o
    0x080047a0   0x00000088   Code   RO         3978    i.vTaskStartScheduler  tasks.o
    0x08004828   0x00000010   Code   RO         3980    i.vTaskSuspendAll   tasks.o
    0x08004838   0x00000064   Code   RO         3981    i.vTaskSwitchContext  tasks.o
    0x0800489c   0x000000a8   Code   RO         5057    i.xPortStartScheduler  port.o
    0x08004944   0x0000002c   Code   RO         5058    i.xPortSysTickHandler  port.o
    0x08004970   0x00000042   Code   RO         3559    i.xQueueGenericCreate  queue.o
    0x080049b2   0x00000066   Code   RO         3560    i.xQueueGenericCreateStatic  queue.o
    0x08004a18   0x00000088   Code   RO         3561    i.xQueueGenericReset  queue.o
    0x08004aa0   0x00000160   Code   RO         3562    i.xQueueGenericSend  queue.o
    0x08004c00   0x000000be   Code   RO         3563    i.xQueueGenericSendFromISR  queue.o
    0x08004cbe   0x0000009c   Code   RO         3566    i.xQueueGiveFromISR  queue.o
    0x08004d5a   0x00000002   PAD
    0x08004d5c   0x00000138   Code   RO         3572    i.xQueueReceive     queue.o
    0x08004e94   0x00000178   Code   RO         3574    i.xQueueSemaphoreTake  queue.o
    0x0800500c   0x00000074   Code   RO         3983    i.xTaskCheckForTimeOut  tasks.o
    0x08005080   0x0000005a   Code   RO         3984    i.xTaskCreate       tasks.o
    0x080050da   0x00000056   Code   RO         3985    i.xTaskCreateStatic  tasks.o
    0x08005130   0x0000001c   Code   RO         3989    i.xTaskGetSchedulerState  tasks.o
    0x0800514c   0x0000000c   Code   RO         3990    i.xTaskGetTickCount  tasks.o
    0x08005158   0x000000c8   Code   RO         3992    i.xTaskIncrementTick  tasks.o
    0x08005220   0x00000080   Code   RO         3995    i.xTaskPriorityDisinherit  tasks.o
    0x080052a0   0x00000078   Code   RO         3996    i.xTaskPriorityInherit  tasks.o
    0x08005318   0x00000070   Code   RO         3997    i.xTaskRemoveFromEventList  tasks.o
    0x08005388   0x000000c4   Code   RO         3998    i.xTaskResumeAll    tasks.o
    0x0800544c   0x00000060   Code   RO         4323    i.xTimerCreateTimerTask  timers.o
    0x080054ac   0x00000068   Code   RO         4324    i.xTimerGenericCommand  timers.o
    0x08005514   0x00000150   Code   RO         6016    x$fpl$dadd          fz_ws.l(daddsub_clz.o)
    0x08005664   0x0000005a   Code   RO         6030    x$fpl$dfixu         fz_ws.l(dfixu.o)
    0x080056be   0x00000026   Code   RO         6034    x$fpl$dfltu         fz_ws.l(dflt_clz.o)
    0x080056e4   0x00000154   Code   RO         6042    x$fpl$dmul          fz_ws.l(dmul.o)
    0x08005838   0x0000009c   Code   RO         6178    x$fpl$dnaninf       fz_ws.l(dnaninf.o)
    0x080058d4   0x0000000c   Code   RO         6180    x$fpl$dretinf       fz_ws.l(dretinf.o)
    0x080058e0   0x000001d4   Code   RO         6018    x$fpl$dsub          fz_ws.l(daddsub_clz.o)
    0x08005ab4   0x000000c4   Code   RO         6046    x$fpl$fadd          fz_ws.l(faddsub_clz.o)
    0x08005b78   0x00000184   Code   RO         6053    x$fpl$fdiv          fz_ws.l(fdiv.o)
    0x08005cfc   0x0000003e   Code   RO         6056    x$fpl$ffixu         fz_ws.l(ffixu.o)
    0x08005d3a   0x00000002   PAD
    0x08005d3c   0x00000102   Code   RO         6066    x$fpl$fmul          fz_ws.l(fmul.o)
    0x08005e3e   0x0000008c   Code   RO         6184    x$fpl$fnaninf       fz_ws.l(fnaninf.o)
    0x08005eca   0x0000000a   Code   RO         6186    x$fpl$fretinf       fz_ws.l(fretinf.o)
    0x08005ed4   0x000000ea   Code   RO         6048    x$fpl$fsub          fz_ws.l(faddsub_clz.o)
    0x08005fbe   0x00000000   Code   RO         6196    x$fpl$usenofp       fz_ws.l(usenofp.o)
    0x08005fbe   0x00000002   PAD
    0x08005fc0   0x00000024   Data   RO          223    .constdata          freertos.o
    0x08005fe4   0x00000012   Data   RO         1744    .constdata          stm32f1xx_hal_rcc.o
    0x08005ff6   0x00000010   Data   RO         3335    .constdata          system_stm32f1xx.o
    0x08006006   0x00000008   Data   RO         3336    .constdata          system_stm32f1xx.o
    0x0800600e   0x00000064   Data   RO         5951    .constdata          gesture_data.o
    0x08006072   0x000001e0   Data   RO         5968    .constdata          oled_data.o
    0x08006252   0x000001e0   Data   RO         5969    .constdata          oled_data.o
    0x08006432   0x000001e0   Data   RO         5970    .constdata          oled_data.o
    0x08006612   0x000001e0   Data   RO         5971    .constdata          oled_data.o
    0x080067f2   0x000001e0   Data   RO         5972    .constdata          oled_data.o
    0x080069d2   0x000001e0   Data   RO         5973    .constdata          oled_data.o
    0x08006bb2   0x00000002   PAD
    0x08006bb4   0x0000000c   Data   RO          224    .conststring        freertos.o
    0x08006bc0   0x00000020   Data   RO         6451    Region$$Table       anon$$obj.o


    Execution Region RW_IRAM1 (Base: 0x20000000, Size: 0x000025a0, Max: 0x00005000, ABSOLUTE)

    Base Addr    Size         Type   Attr      Idx    E Section Name        Object

    0x20000000   0x00000004   Data   RW          225    .data               freertos.o
    0x20000004   0x0000000c   Data   RW         1581    .data               stm32f1xx_hal.o
    0x20000010   0x00000004   Data   RW         3337    .data               system_stm32f1xx.o
    0x20000014   0x0000003c   Data   RW         4001    .data               tasks.o
    0x20000050   0x00000014   Data   RW         4332    .data               timers.o
    0x20000064   0x00000004   Data   RW         4557    .data               cmsis_os2.o
    0x20000068   0x00000020   Data   RW         5003    .data               heap_4.o
    0x20000088   0x0000000c   Data   RW         5059    .data               port.o
    0x20000094   0x0000000c   Data   RW         5134    .data               display_task.o
    0x200000a0   0x0000000c   Data   RW         5201    .data               gesture_task.o
    0x200000ac   0x00000014   Data   RW         5263    .data               move_task.o
    0x200000c0   0x0000000c   Data   RW         5333    .data               serial_task.o
    0x200000cc   0x00000010   Data   RW         5395    .data               avoid_task.o
    0x200000dc   0x00000004   Data   RW         5477    .data               main_task.o
    0x200000e0   0x00000004   Data   RW         5504    .data               blink_task.o
    0x200000e4   0x00000008   Data   RW         5540    .data               bsp_gesture_sensor.o
    0x200000ec   0x00000004   Data   RW         5872    .data               bsp_ultrasonic.o
    0x200000f0   0x00000005   Data   RW         5952    .data               gesture_data.o
    0x200000f5   0x00000003   PAD
    0x200000f8   0x00000054   Zero   RW          267    .bss                i2c.o
    0x2000014c   0x00000090   Zero   RW          311    .bss                tim.o
    0x200001dc   0x00000048   Zero   RW          363    .bss                usart.o
    0x20000224   0x00000048   Zero   RW          511    .bss                stm32f1xx_hal_timebase_tim.o
    0x2000026c   0x00000040   Zero   RW         3576    .bss                queue.o
    0x200002ac   0x000004c4   Zero   RW         4000    .bss                tasks.o
    0x20000770   0x00000118   Zero   RW         4331    .bss                timers.o
    0x20000888   0x000006b8   Zero   RW         4556    .bss                cmsis_os2.o
    0x20000f40   0x00000c00   Zero   RW         5002    .bss                heap_4.o
    0x20001b40   0x00000400   Zero   RW         5610    .bss                bsp_oled.o
    0x20001f40   0x00000060   Zero   RW         6267    .bss                c_w.l(libspace.o)
    0x20001fa0   0x00000200   Zero   RW            2    HEAP                startup_stm32f103xb.o
    0x200021a0   0x00000400   Zero   RW            1    STACK               startup_stm32f103xb.o


==============================================================================

Image component sizes


      Code (inc. data)   RO Data    RW Data    ZI Data      Debug   Object Name

       348         54          0         16          0       2565   avoid_task.o
        60         20          0          4          0       1136   blink_task.o
       332         24          0          8          0       2320   bsp_gesture_sensor.o
        12          4          0          0          0        389   bsp_led.o
       634         32          0          0       1024       5889   bsp_oled.o
        16          6          0          0          0        834   bsp_serial.o
       140         24          0          0          0       1082   bsp_servo.o
       180         30          0          4          0       4897   bsp_ultrasonic.o
       326         22          0          4       1720      58319   cmsis_os2.o
       244         60          0         12          0       4004   display_task.o
         0          0          0          0          0      19504   event_groups.o
        40         14         48          4          0       1585   freertos.o
         0          0        100          5          0        628   gesture_data.o
       284         46          0         12          0       3933   gesture_task.o
       224         22          0          0          0        947   gpio.o
       472         24          0         32       3072       4639   heap_4.o
       176         30          0          0         84       1581   i2c.o
        40          6          0          0          0       1435   interrupt_task.o
       138          0          0          0          0       3266   list.o
       160          6          0          0          0     449512   main.o
        88         20          0          4          0       1177   main_task.o
      1052        134          0         20          0       6131   move_task.o
         0          0       2880          0          0       1392   oled_data.o
       662         70          0         12          0      10493   port.o
      2112         24          0          0         64      20820   queue.o
       348         74          0         12          0       3651   serial_task.o
        64         26        236          0       1536        792   startup_stm32f103xb.o
       100         18          0         12          0       5102   stm32f1xx_hal.o
       158         14          0          0          0      28078   stm32f1xx_hal_cortex.o
       222          4          0          0          0       1711   stm32f1xx_hal_dma.o
       540         40          0          0          0       4607   stm32f1xx_hal_gpio.o
      2838         72          0          0          0      14708   stm32f1xx_hal_i2c.o
        72         10          0          0          0        830   stm32f1xx_hal_msp.o
      1304         94         18          0          0       5597   stm32f1xx_hal_rcc.o
      1738         56          0          0          0      15666   stm32f1xx_hal_tim.o
       108         12          0          0          0       2321   stm32f1xx_hal_tim_ex.o
       140         22          0          0         72       1363   stm32f1xx_hal_timebase_tim.o
      1280         10          0          0          0       8604   stm32f1xx_hal_uart.o
        50         12          0          0          0       4128   stm32f1xx_it.o
         0          0          0          0          0        384   stream_buffer.o
         2          0         24          4          0       1059   system_stm32f1xx.o
      2516        206          0         60       1220      28891   tasks.o
       440         32          0          0        144       2897   tim.o
       972         80          0         20        280      31695   timers.o
       184         20          0          0         72       1606   usart.o

    ----------------------------------------------------------------------
     20864       1474       3340        248       9288     772168   Object Totals
         0          0         32          0          0          0   (incl. Generated)
        48          0          2          3          0          0   (incl. Padding)

    ----------------------------------------------------------------------

      Code (inc. data)   RO Data    RW Data    ZI Data      Debug   Library Member Name

         8          0          0          0          0         68   __main.o
         0          0          0          0          0          0   __rtentry.o
        12          0          0          0          0          0   __rtentry2.o
         6          0          0          0          0          0   __rtentry4.o
        52          8          0          0          0          0   __scatter.o
        26          0          0          0          0          0   __scatter_copy.o
        28          0          0          0          0          0   __scatter_zi.o
        16          0          0          0          0         68   aeabi_memset.o
        18          0          0          0          0         80   exit.o
         6          0          0          0          0        152   heapauxi.o
         0          0          0          0          0          0   indicate_semi.o
         2          0          0          0          0          0   libinit.o
         2          0          0          0          0          0   libinit2.o
         2          0          0          0          0          0   libshutdown.o
         2          0          0          0          0          0   libshutdown2.o
         8          4          0          0         96         68   libspace.o
        68          0          0          0          0         68   rt_memclr.o
        78          0          0          0          0         80   rt_memclr_w.o
       138          0          0          0          0         68   rt_memcpy_v6.o
       100          0          0          0          0         80   rt_memcpy_w.o
         2          0          0          0          0          0   rtexit.o
        10          0          0          0          0          0   rtexit2.o
        12          4          0          0          0         68   sys_exit.o
        74          0          0          0          0         80   sys_stackheap_outer.o
         2          0          0          0          0         68   use_no_semi.o
       804         16          0          0          0        272   daddsub_clz.o
        90          4          0          0          0         92   dfixu.o
        38          0          0          0          0         68   dflt_clz.o
       340         12          0          0          0        104   dmul.o
       156          4          0          0          0         92   dnaninf.o
        12          0          0          0          0         68   dretinf.o
       430          8          0          0          0        168   faddsub_clz.o
       388         76          0          0          0         96   fdiv.o
        62          4          0          0          0         84   ffixu.o
       258          4          0          0          0         84   fmul.o
       140          4          0          0          0         84   fnaninf.o
        10          0          0          0          0         68   fretinf.o
         0          0          0          0          0          0   usenofp.o

    ----------------------------------------------------------------------
      3412        148          0          0         96       2228   Library Totals
        12          0          0          0          0          0   (incl. Padding)

    ----------------------------------------------------------------------

      Code (inc. data)   RO Data    RW Data    ZI Data      Debug   Library Name

       672         16          0          0         96        948   c_w.l
      2728        132          0          0          0       1280   fz_ws.l

    ----------------------------------------------------------------------
      3412        148          0          0         96       2228   Library Totals

    ----------------------------------------------------------------------

==============================================================================


      Code (inc. data)   RO Data    RW Data    ZI Data      Debug   

     24276       1622       3340        248       9384     761652   Grand Totals
     24276       1622       3340        248       9384     761652   ELF Image Totals
     24276       1622       3340        248          0          0   ROM Totals

==============================================================================

    Total RO  Size (Code + RO Data)                27616 (  26.97kB)
    Total RW  Size (RW Data + ZI Data)              9632 (   9.41kB)
    Total ROM Size (Code + RO Data + RW Data)      27864 (  27.21kB)

==============================================================================

